 PhysXCooking_64

 Timestamp is 63fef7a0 (Wed Mar  1 14:58:40 2023)

 Preferred load address is 0000000180000000

 Start         Length     Name                   Class
 0001:00000000 00000060H .text$di                CODE
 0001:00000060 000225a0H .text$mn                CODE
 0001:00022600 00000040H .text$mn$00             CODE
 0001:00022640 00000680H .text$x                 CODE
 0002:00000000 00000280H .idata$5                DATA
 0002:00000280 00000038H .00cfg                  DATA
 0002:000002b8 00000008H .CRT$XCA                DATA
 0002:000002c0 00000030H .CRT$XCU                DATA
 0002:000002f0 00000008H .CRT$XCZ                DATA
 0002:000002f8 00000008H .CRT$XIA                DATA
 0002:00000300 00000018H .CRT$XIC                DATA
 0002:00000318 00000008H .CRT$XIZ                DATA
 0002:00000320 00000008H .CRT$XPA                DATA
 0002:00000328 00000010H .CRT$XPX                DATA
 0002:00000338 00000008H .CRT$XPXA               DATA
 0002:00000340 00000008H .CRT$XPZ                DATA
 0002:00000348 00000008H .CRT$XTA                DATA
 0002:00000350 00000010H .CRT$XTZ                DATA
 0002:00000358 00000000H .gehcont$y              DATA
 0002:00000358 00000000H .gfids$y                DATA
 0002:00000360 000094a0H .rdata                  DATA
 0002:00009800 00000000H .rdata$CastGuardVftablesA DATA
 0002:00009800 00000000H .rdata$CastGuardVftablesC DATA
 0002:00009800 0000043cH .rdata$r                DATA
 0002:00009c3c 0000016cH .rdata$voltmd           DATA
 0002:00009da8 00000408H .rdata$zzzdbg           DATA
 0002:0000a1b0 00000008H .rtc$IAA                DATA
 0002:0000a1b8 00000008H .rtc$IZZ                DATA
 0002:0000a1c0 00000008H .rtc$TAA                DATA
 0002:0000a1c8 00000008H .rtc$TZZ                DATA
 0002:0000a1d0 00001740H .xdata                  DATA
 0002:0000b910 00000084H .xdata$x                DATA
 0002:0000b994 00000040H .didat$2                DATA
 0002:0000b9d4 00000024H .didat$3                DATA
 0002:0000b9f8 000000f0H .didat$4                DATA
 0002:0000bae8 000002c8H .didat$6                DATA
 0002:0000bdb0 000000f0H .didat$7                DATA
 0002:0000bea0 00000e04H .edata                  DATA
 0002:0000cca4 00000014H .idata$2                DATA
 0002:0000ccb8 00000018H .idata$3                DATA
 0002:0000ccd0 00000280H .idata$4                DATA
 0002:0000cf50 000005baH .idata$6                DATA
 0003:00000000 00000a20H .data                   DATA
 0003:00000a20 00000108H .data$r                 DATA
 0003:00000b28 000000f0H .data$rs                DATA
 0003:00000c18 000000f8H .didat$5                DATA
 0003:00000d10 00001250H .bss                    DATA
 0004:00000000 000019e0H .pdata                  DATA
 0005:00000000 0000236cH _RDATA                  DATA
 0006:00000000 000000a0H .rsrc$01                DATA
 0006:000000a0 000004b0H .rsrc$02                DATA

  Address         Publics by Value              Rva+Base               Lib:Object

 0000:00000000       __AbsoluteZero             0000000000000000     <absolute>
 0000:00000000       ___safe_se_handler_count   0000000000000000     <absolute>
 0000:00000000       ___safe_se_handler_table   0000000000000000     <absolute>
 0000:00000000       __arm64x_extra_rfe_table   0000000000000000     <absolute>
 0000:00000000       __arm64x_extra_rfe_table_size 0000000000000000     <absolute>
 0000:00000000       __arm64x_native_entrypoint 0000000000000000     <absolute>
 0000:00000000       __arm64x_redirection_metadata 0000000000000000     <absolute>
 0000:00000000       __arm64x_redirection_metadata_count 0000000000000000     <absolute>
 0000:00000000       __dynamic_value_reloc_table 0000000000000000     <absolute>
 0000:00000000       __enclave_config           0000000000000000     <absolute>
 0000:00000000       __guard_check_icall_a64n_fptr 0000000000000000     <absolute>
 0000:00000000       __guard_eh_cont_count      0000000000000000     <absolute>
 0000:00000000       __guard_eh_cont_table      0000000000000000     <absolute>
 0000:00000000       __guard_fids_count         0000000000000000     <absolute>
 0000:00000000       __guard_fids_table         0000000000000000     <absolute>
 0000:00000000       __guard_iat_count          0000000000000000     <absolute>
 0000:00000000       __guard_iat_table          0000000000000000     <absolute>
 0000:00000000       __guard_longjmp_count      0000000000000000     <absolute>
 0000:00000000       __guard_longjmp_table      0000000000000000     <absolute>
 0000:00000000       __hybrid_auxiliary_iat     0000000000000000     <absolute>
 0000:00000000       __hybrid_auxiliary_iat_copy 0000000000000000     <absolute>
 0000:00000000       __hybrid_code_map          0000000000000000     <absolute>
 0000:00000000       __hybrid_code_map_count    0000000000000000     <absolute>
 0000:00000000       __x64_code_ranges_to_entry_points 0000000000000000     <absolute>
 0000:00000000       __x64_code_ranges_to_entry_points_count 0000000000000000     <absolute>
 0000:00000100       __guard_flags              0000000000000100     <absolute>
 0000:00000000       __ImageBase                0000000180000000     <linker-defined>
 0001:00000060       ??$copy@V?$PxReflectionAllocator@USlab@NodeAllocator@Gu@physx@@@physx@@@?$PxArray@USlab@NodeAllocator@Gu@physx@@V?$PxReflectionAllocator@USlab@NodeAllocator@Gu@physx@@@4@@physx@@IEAAXAEBV01@@Z 0000000180001060 f i Cooking.obj
 0001:000000e0       ??0AABBTreeBounds@Gu@physx@@QEAA@XZ 00000001800010e0 f i Cooking.obj
 0001:000000f0       ??0AABBTreeBuildNode@Gu@physx@@QEAA@AEBV012@@Z 00000001800010f0 f i Cooking.obj
 0001:000000f0       ??4AABBTreeBuildNode@Gu@physx@@QEAAAEAV012@AEBV012@@Z 00000001800010f0 f i Cooking.obj
 0001:00000130       ??$forward@_K@std@@YA$$QEA_KAEA_K@Z 0000000180001130 f i libvcruntime:undname.obj
 0001:00000130       ??0AABBTreeBuildNode@Gu@physx@@QEAA@XZ 0000000180001130 f i Cooking.obj
 0001:00000130       ??4PxFoundation@physx@@QEAAAEAV01@AEBV01@@Z 0000000180001130 f i Cooking.obj
 0001:00000130       ?getAABB@AABBTreeBuildNode@Gu@physx@@QEBAAEBVPxBounds3@3@XZ 0000000180001130 f i Cooking.obj
 0001:00000140       ??0AABBTreeBuildParams@Gu@physx@@QEAA@IIPEBVAABBTreeBounds@12@W4BVHBuildStrategy@12@@Z 0000000180001140 f i Cooking.obj
 0001:00000160       ??0NodeAllocator@Gu@physx@@QEAA@AEBV012@@Z 0000000180001160 f i Cooking.obj
 0001:000001a0       ??0PxFoundation@physx@@QEAA@AEBV01@@Z 00000001800011a0 f i Cooking.obj
 0001:000001a0       ??0PxFoundation@physx@@QEAA@XZ 00000001800011a0 f i Cooking.obj
 0001:000001b0       ??0PxRenderOutput@physx@@QEAA@AEAVPxRenderBuffer@1@@Z 00000001800011b0 f i Cooking.obj
 0001:00000200       ??0PxRenderOutput@physx@@QEAA@AEBV01@@Z 0000000180001200 f i Cooking.obj
 0001:000002a0       ??1AABBTreeBounds@Gu@physx@@QEAA@XZ 00000001800012a0 f i Cooking.obj
 0001:000002b0       ??1AABBTreeBuildNode@Gu@physx@@QEAA@XZ 00000001800012b0 f i Cooking.obj
 0001:000002b0       _guard_check_icall_nop     00000001800012b0 f i LIBCMT:guard_support.obj
 0001:000002c0       ??1AABBTreeBuildParams@Gu@physx@@QEAA@XZ 00000001800012c0 f i Cooking.obj
 0001:000002c0       ?reset@AABBTreeBuildParams@Gu@physx@@QEAAXXZ 00000001800012c0 f i Cooking.obj
 0001:00000310       ??1PxFoundation@physx@@MEAA@XZ 0000000180001310 f i Cooking.obj
 0001:00000320       ??4AABBTreeBounds@Gu@physx@@QEAAAEAV012@AEBV012@@Z 0000000180001320 f i Cooking.obj
 0001:00000330       ??4AABBTreeBuildParams@Gu@physx@@QEAAAEAV012@AEBV012@@Z 0000000180001330 f i Cooking.obj
 0001:00000350       ??4NodeAllocator@Gu@physx@@QEAAAEAV012@AEBV012@@Z 0000000180001350 f i Cooking.obj
 0001:00000400       ??6PxRenderOutput@physx@@QEAAAEAV01@AEBV?$PxMat44T@M@1@@Z 0000000180001400 f i Cooking.obj
 0001:00000470       ??6PxRenderOutput@physx@@QEAAAEAV01@AEBV?$PxTransformT@M@1@@Z 0000000180001470 f i Cooking.obj
 0001:000005f0       ??6PxRenderOutput@physx@@QEAAAEAV01@AEBV?$PxVec3T@M@1@@Z 00000001800015f0 f i Cooking.obj
 0001:000008e0       ??6PxRenderOutput@physx@@QEAAAEAV01@I@Z 00000001800018e0 f i Cooking.obj
 0001:000008f0       ??6PxRenderOutput@physx@@QEAAAEAV01@W4Primitive@01@@Z 00000001800018f0 f i Cooking.obj
 0001:00000900       ??_EPxFoundation@physx@@MEAAPEAXI@Z 0000000180001900 f i Cooking.obj
 0001:00000990       ??_FAABBTreeBuildParams@Gu@physx@@QEAAXXZ 0000000180001990 f i Cooking.obj
 0001:000009b0       ??_ECooking@physx@@UEAAPEAXI@Z 00000001800019b0 f i Cooking.obj
 0001:000009b0       ??_GCooking@physx@@UEAAPEAXI@Z 00000001800019b0 f i Cooking.obj
 0001:00000a00       ??_EPxCooking@physx@@MEAAPEAXI@Z 0000000180001a00 f i Cooking.obj
 0001:00000a00       ??_GPxCooking@physx@@MEAAPEAXI@Z 0000000180001a00 f i Cooking.obj
 0001:00000a30       ?allocate@?$PxArray@USlab@NodeAllocator@Gu@physx@@V?$PxReflectionAllocator@USlab@NodeAllocator@Gu@physx@@@4@@physx@@IEAAPEAUSlab@NodeAllocator@Gu@2@I@Z 0000000180001a30 f i Cooking.obj
 0001:00000ad0       ?assembleSoftBodyMesh@Cooking@physx@@UEBAPEAVPxSoftBodyMesh@2@AEAVPxSimulationTetrahedronMeshData@2@AEAVPxCollisionTetrahedronMeshData@2@AEAVPxCollisionMeshMappingData@2@AEAVPxInsertionCallback@2@@Z 0000000180001ad0 f   Cooking.obj
 0001:00000af0       ?assembleSoftBodyMesh@Cooking@physx@@UEBAPEAVPxSoftBodyMesh@2@AEAVPxTetrahedronMeshData@2@AEAVPxSoftBodySimulationData@2@0AEAVPxSoftBodyCollisionData@2@AEAVPxCollisionMeshMappingData@2@AEAVPxInsertionCallback@2@@Z 0000000180001af0 f   Cooking.obj
 0001:00000b30       ?computeCollisionData@Cooking@physx@@UEBAPEAVPxCollisionTetrahedronMeshData@2@AEBVPxTetrahedronMeshDesc@2@@Z 0000000180001b30 f   Cooking.obj
 0001:00000b40       ?computeHullPolygons@Cooking@physx@@UEBA_NAEBVPxSimpleTriangleMesh@2@AEAVPxAllocatorCallback@2@AEAIAEAPEAV?$PxVec3T@M@2@2AEAPEAI2AEAPEAUPxHullPolygon@2@@Z 0000000180001b40 f   Cooking.obj
 0001:00000b50       ?computeModelsMapping@Cooking@physx@@UEBAPEAVPxCollisionMeshMappingData@2@AEAVPxTetrahedronMeshData@2@AEBV42@AEBVPxSoftBodyCollisionData@2@PEBUPxBoundedData@2@@Z 0000000180001b50 f   Cooking.obj
 0001:00000b60       ?computeSimulationData@Cooking@physx@@UEBAPEAVPxSimulationTetrahedronMeshData@2@AEBVPxTetrahedronMeshDesc@2@@Z 0000000180001b60 f   Cooking.obj
 0001:00000b70       ?cookBVH@Cooking@physx@@UEBA_NAEBVPxBVHDesc@2@AEAVPxOutputStream@2@@Z 0000000180001b70 f   Cooking.obj
 0001:00000b80       ?cookConvexMesh@Cooking@physx@@UEBA_NAEBVPxConvexMeshDesc@2@AEAVPxOutputStream@2@PEAW4Enum@PxConvexMeshCookingResult@2@@Z 0000000180001b80 f   Cooking.obj
 0001:00000b90       ?cookHeightField@Cooking@physx@@UEBA_NAEBVPxHeightFieldDesc@2@AEAVPxOutputStream@2@@Z 0000000180001b90 f   Cooking.obj
 0001:00000ba0       ?cookSoftBodyMesh@Cooking@physx@@UEBA_NAEBVPxTetrahedronMeshDesc@2@0AEBVPxSoftBodySimulationDataDesc@2@AEAVPxOutputStream@2@@Z 0000000180001ba0 f   Cooking.obj
 0001:00000bb0       ?cookTetrahedronMesh@Cooking@physx@@UEBA_NAEBVPxTetrahedronMeshDesc@2@AEAVPxOutputStream@2@@Z 0000000180001bb0 f   Cooking.obj
 0001:00000bc0       ?cookTriangleMesh@Cooking@physx@@UEBA_NAEBVPxTriangleMeshDesc@2@AEAVPxOutputStream@2@PEAW4Enum@PxTriangleMeshCookingResult@2@@Z 0000000180001bc0 f   Cooking.obj
 0001:00000bd0       ?createBVH@Cooking@physx@@UEBAPEAVPxBVH@2@AEBVPxBVHDesc@2@AEAVPxInsertionCallback@2@@Z 0000000180001bd0 f   Cooking.obj
 0001:00000be0       ?createConvexMesh@Cooking@physx@@UEBAPEAVPxConvexMesh@2@AEBVPxConvexMeshDesc@2@AEAVPxInsertionCallback@2@PEAW4Enum@PxConvexMeshCookingResult@2@@Z 0000000180001be0 f   Cooking.obj
 0001:00000bf0       ?createHeightField@Cooking@physx@@UEBAPEAVPxHeightField@2@AEBVPxHeightFieldDesc@2@AEAVPxInsertionCallback@2@@Z 0000000180001bf0 f   Cooking.obj
 0001:00000c00       ?createSoftBodyMesh@Cooking@physx@@UEBAPEAVPxSoftBodyMesh@2@AEBVPxTetrahedronMeshDesc@2@0AEBVPxSoftBodySimulationDataDesc@2@AEAVPxInsertionCallback@2@@Z 0000000180001c00 f   Cooking.obj
 0001:00000c10       ?createTetrahedronMesh@Cooking@physx@@UEBAPEAVPxTetrahedronMesh@2@AEBVPxTetrahedronMeshDesc@2@AEAVPxInsertionCallback@2@@Z 0000000180001c10 f   Cooking.obj
 0001:00000c20       ?createTriangleMesh@Cooking@physx@@UEBAPEAVPxTriangleMesh@2@AEBVPxTriangleMeshDesc@2@AEAVPxInsertionCallback@2@PEAW4Enum@PxTriangleMeshCookingResult@2@@Z 0000000180001c20 f   Cooking.obj
 0001:00000c30       ?getBounds@AABBTreeBounds@Gu@physx@@QEAAPEAVPxBounds3@3@XZ 0000000180001c30 f i Cooking.obj
 0001:00000c30       ?getBounds@AABBTreeBounds@Gu@physx@@QEBAPEBVPxBounds3@3@XZ 0000000180001c30 f i Cooking.obj
 0001:00000c40       ?getNbPrimitives@AABBTreeBuildNode@Gu@physx@@QEBAIXZ 0000000180001c40 f i Cooking.obj
 0001:00000c40       ?getNbRuntimePrimitives@AABBTreeBuildNode@Gu@physx@@QEBAIXZ 0000000180001c40 f i Cooking.obj
 0001:00000c50       ?getNeg@AABBTreeBuildNode@Gu@physx@@QEBAPEBV123@XZ 0000000180001c50 f i Cooking.obj
 0001:00000c70       ?getParams@Cooking@physx@@UEBAAEBUPxCookingParams@2@XZ 0000000180001c70 f   Cooking.obj
 0001:00000c80       ?getPos@AABBTreeBuildNode@Gu@physx@@QEBAPEBV123@XZ 0000000180001c80 f i Cooking.obj
 0001:00000c90       ?getPrimitives@AABBTreeBuildNode@Gu@physx@@QEAAPEAIPEAI@Z 0000000180001c90 f i Cooking.obj
 0001:00000c90       ?getPrimitives@AABBTreeBuildNode@Gu@physx@@QEBAPEBIPEBI@Z 0000000180001c90 f i Cooking.obj
 0001:00000ca0       ?getStandaloneInsertionCallback@Cooking@physx@@UEAAAEAVPxInsertionCallback@2@XZ 0000000180001ca0 f   Cooking.obj
 0001:00000ca0       PxGetStandaloneInsertionCallback 0000000180001ca0 f   Cooking.obj
 0001:00000cb0       ?isLeaf@AABBTreeBuildNode@Gu@physx@@QEBA_NXZ 0000000180001cb0 f i Cooking.obj
 0001:00000cc0       ?moveFrom@AABBTreeBounds@Gu@physx@@QEAAXAEAV123@@Z 0000000180001cc0 f i Cooking.obj
 0001:00000cd0       ?outputCapsule@PxRenderOutput@physx@@QEAAAEAV12@MMAEBV?$PxMat44T@M@2@@Z 0000000180001cd0 f i Cooking.obj
 0001:00001810       ?outputSegment@PxRenderOutput@physx@@QEAAXAEBV?$PxVec3T@M@2@0@Z 0000000180002810 f i Cooking.obj
 0001:00001880       ?ownsMemory@AABBTreeBounds@Gu@physx@@QEBA_NXZ 0000000180002880 f i Cooking.obj
 0001:00001890       ?platformMismatch@Cooking@physx@@UEBA_NXZ 0000000180002890 f   Cooking.obj
 0001:000018a0       ?recreate@?$PxArray@USlab@NodeAllocator@Gu@physx@@V?$PxReflectionAllocator@USlab@NodeAllocator@Gu@physx@@@4@@physx@@IEAAXI@Z 00000001800028a0 f i Cooking.obj
 0001:00001950       ?release@Cooking@physx@@UEAAXXZ 0000000180002950 f   Cooking.obj
 0001:00001970       ?reservePoints@PxRenderOutput@physx@@QEAAPEAUPxDebugPoint@2@I@Z 0000000180002970 f i Cooking.obj
 0001:00001980       ?reserveSegments@PxRenderOutput@physx@@QEAAPEAUPxDebugLine@2@I@Z 0000000180002980 f i Cooking.obj
 0001:00001990       ?setBounds@AABBTreeBounds@Gu@physx@@QEAAXPEAVPxBounds3@3@@Z 0000000180002990 f i Cooking.obj
 0001:000019a0       ?setNbRunTimePrimitives@AABBTreeBuildNode@Gu@physx@@QEAAXI@Z 00000001800029a0 f i Cooking.obj
 0001:000019b0       ?setParams@Cooking@physx@@UEAAXAEBUPxCookingParams@2@@Z 00000001800029b0 f   Cooking.obj
 0001:00001a10       ?takeOwnership@AABBTreeBounds@Gu@physx@@QEAAXXZ 0000000180002a10 f i Cooking.obj
 0001:00001a20       ?validateConvexMesh@Cooking@physx@@UEBA_NAEBVPxConvexMeshDesc@2@@Z 0000000180002a20 f   Cooking.obj
 0001:00001a30       ?validateTriangleMesh@Cooking@physx@@UEBA_NAEBVPxTriangleMeshDesc@2@@Z 0000000180002a30 f   Cooking.obj
 0001:00001a40       PxAssembleSoftBodyMesh     0000000180002a40 f   Cooking.obj
 0001:00001a50       PxAssembleSoftBodyMesh_Sim 0000000180002a50 f   Cooking.obj
 0001:00001a60       PxComputeCollisionData     0000000180002a60 f   Cooking.obj
 0001:00001a70       PxComputeHullPolygons      0000000180002a70 f   Cooking.obj
 0001:00001a80       PxComputeModelsMapping     0000000180002a80 f   Cooking.obj
 0001:00001a90       PxComputeSimulationData    0000000180002a90 f   Cooking.obj
 0001:00001aa0       PxCookBVH                  0000000180002aa0 f   Cooking.obj
 0001:00001ab0       PxCookConvexMesh           0000000180002ab0 f   Cooking.obj
 0001:00001ac0       PxCookHeightField          0000000180002ac0 f   Cooking.obj
 0001:00001ad0       PxCookSoftBodyMesh         0000000180002ad0 f   Cooking.obj
 0001:00001ae0       PxCookTetrahedronMesh      0000000180002ae0 f   Cooking.obj
 0001:00001af0       PxCookTriangleMesh         0000000180002af0 f   Cooking.obj
 0001:00001b00       PxCreateBVH                0000000180002b00 f   Cooking.obj
 0001:00001b10       PxCreateBVHInternal        0000000180002b10 f   Cooking.obj
 0001:00001ba0       PxCreateConvexMesh         0000000180002ba0 f   Cooking.obj
 0001:00001bb0       PxCreateCooking            0000000180002bb0 f   Cooking.obj
 0001:00001ca0       PxCreateHeightField        0000000180002ca0 f   Cooking.obj
 0001:00001cb0       PxCreateSoftBodyMesh       0000000180002cb0 f   Cooking.obj
 0001:00001cc0       PxCreateTetrahedronMesh    0000000180002cc0 f   Cooking.obj
 0001:00001cd0       PxCreateTriangleMesh       0000000180002cd0 f   Cooking.obj
 0001:00001ce0       PxCreateTriangleMeshInternal 0000000180002ce0 f   Cooking.obj
 0001:00001d70       PxValidateConvexMesh       0000000180002d70 f   Cooking.obj
 0001:00001d80       PxValidateTriangleMesh     0000000180002d80 f   Cooking.obj
 0001:00001d90       ?cookingDelayHook@@YAP6A_JXZIPEAUDelayLoadInfo@@@Z 0000000180002d90 f   WindowsCookingDelayLoadHook.obj
 0001:00001e70       PxSetPhysXCookingDelayLoadHook 0000000180002e70 f   WindowsCookingDelayLoadHook.obj
 0001:00001e78       __imp_load_getInsertionCallback 0000000180002e78 f   PhysXCommon_64:PhysXCommon_64.dll
 0001:00001e84       getInsertionCallback       0000000180002e84 f   PhysXCommon_64:PhysXCommon_64.dll
 0001:00001e8a       __tailMerge_physxcommon_64_dll 0000000180002e8a     PhysXCommon_64:PhysXCommon_64.dll
 0001:00001f03       __imp_load_cookBVH         0000000180002f03 f   PhysXCommon_64:PhysXCommon_64.dll
 0001:00001f0f       cookBVH                    0000000180002f0f f   PhysXCommon_64:PhysXCommon_64.dll
 0001:00001f15       __imp_load_createBVH       0000000180002f15 f   PhysXCommon_64:PhysXCommon_64.dll
 0001:00001f21       createBVH                  0000000180002f21 f   PhysXCommon_64:PhysXCommon_64.dll
 0001:00001f27       __imp_load_cookHeightField 0000000180002f27 f   PhysXCommon_64:PhysXCommon_64.dll
 0001:00001f33       cookHeightField            0000000180002f33 f   PhysXCommon_64:PhysXCommon_64.dll
 0001:00001f39       __imp_load_createHeightField 0000000180002f39 f   PhysXCommon_64:PhysXCommon_64.dll
 0001:00001f45       createHeightField          0000000180002f45 f   PhysXCommon_64:PhysXCommon_64.dll
 0001:00001f4b       __imp_load_cookConvexMesh  0000000180002f4b f   PhysXCommon_64:PhysXCommon_64.dll
 0001:00001f57       cookConvexMesh             0000000180002f57 f   PhysXCommon_64:PhysXCommon_64.dll
 0001:00001f5d       __imp_load_createConvexMesh 0000000180002f5d f   PhysXCommon_64:PhysXCommon_64.dll
 0001:00001f69       createConvexMesh           0000000180002f69 f   PhysXCommon_64:PhysXCommon_64.dll
 0001:00001f6f       __imp_load_validateConvexMesh 0000000180002f6f f   PhysXCommon_64:PhysXCommon_64.dll
 0001:00001f7b       validateConvexMesh         0000000180002f7b f   PhysXCommon_64:PhysXCommon_64.dll
 0001:00001f81       __imp_load_computeHullPolygons 0000000180002f81 f   PhysXCommon_64:PhysXCommon_64.dll
 0001:00001f8d       computeHullPolygons        0000000180002f8d f   PhysXCommon_64:PhysXCommon_64.dll
 0001:00001f93       __imp_load_validateTriangleMesh 0000000180002f93 f   PhysXCommon_64:PhysXCommon_64.dll
 0001:00001f9f       validateTriangleMesh       0000000180002f9f f   PhysXCommon_64:PhysXCommon_64.dll
 0001:00001fa5       __imp_load_createTriangleMesh 0000000180002fa5 f   PhysXCommon_64:PhysXCommon_64.dll
 0001:00001fb1       createTriangleMesh         0000000180002fb1 f   PhysXCommon_64:PhysXCommon_64.dll
 0001:00001fb7       __imp_load_cookTriangleMesh 0000000180002fb7 f   PhysXCommon_64:PhysXCommon_64.dll
 0001:00001fc3       cookTriangleMesh           0000000180002fc3 f   PhysXCommon_64:PhysXCommon_64.dll
 0001:00001fc9       __imp_load_cookTetrahedronMesh 0000000180002fc9 f   PhysXCommon_64:PhysXCommon_64.dll
 0001:00001fd5       cookTetrahedronMesh        0000000180002fd5 f   PhysXCommon_64:PhysXCommon_64.dll
 0001:00001fdb       __imp_load_createTetrahedronMesh 0000000180002fdb f   PhysXCommon_64:PhysXCommon_64.dll
 0001:00001fe7       createTetrahedronMesh      0000000180002fe7 f   PhysXCommon_64:PhysXCommon_64.dll
 0001:00001fed       __imp_load_cookSoftBodyMesh 0000000180002fed f   PhysXCommon_64:PhysXCommon_64.dll
 0001:00001ff9       cookSoftBodyMesh           0000000180002ff9 f   PhysXCommon_64:PhysXCommon_64.dll
 0001:00001fff       __imp_load_createSoftBodyMesh 0000000180002fff f   PhysXCommon_64:PhysXCommon_64.dll
 0001:0000200b       createSoftBodyMesh         000000018000300b f   PhysXCommon_64:PhysXCommon_64.dll
 0001:00002011       __imp_load_computeModelsMapping 0000000180003011 f   PhysXCommon_64:PhysXCommon_64.dll
 0001:0000201d       computeModelsMapping       000000018000301d f   PhysXCommon_64:PhysXCommon_64.dll
 0001:00002023       __imp_load_computeCollisionData 0000000180003023 f   PhysXCommon_64:PhysXCommon_64.dll
 0001:0000202f       computeCollisionData       000000018000302f f   PhysXCommon_64:PhysXCommon_64.dll
 0001:00002035       __imp_load_computeSimulationData 0000000180003035 f   PhysXCommon_64:PhysXCommon_64.dll
 0001:00002041       computeSimulationData      0000000180003041 f   PhysXCommon_64:PhysXCommon_64.dll
 0001:00002047       __imp_load_assembleSoftBodyMesh 0000000180003047 f   PhysXCommon_64:PhysXCommon_64.dll
 0001:00002053       assembleSoftBodyMesh       0000000180003053 f   PhysXCommon_64:PhysXCommon_64.dll
 0001:00002059       __imp_load_assembleSoftBodyMesh_Sim 0000000180003059 f   PhysXCommon_64:PhysXCommon_64.dll
 0001:00002065       assembleSoftBodyMesh_Sim   0000000180003065 f   PhysXCommon_64:PhysXCommon_64.dll
 0001:0000206b       __imp_load_?release@AABBTreeBounds@Gu@physx@@QEAAXXZ 000000018000306b f   PhysXCommon_64:PhysXCommon_64.dll
 0001:00002077       ?release@AABBTreeBounds@Gu@physx@@QEAAXXZ 0000000180003077 f   PhysXCommon_64:PhysXCommon_64.dll
 0001:0000207d       __imp_load_??0BVH@Gu@physx@@QEAA@AEBUPxBVHInternalData@2@@Z 000000018000307d f   PhysXCommon_64:PhysXCommon_64.dll
 0001:00002089       ??0BVH@Gu@physx@@QEAA@AEBUPxBVHInternalData@2@@Z 0000000180003089 f   PhysXCommon_64:PhysXCommon_64.dll
 0001:0000208f       __imp_load_??0BV4TriangleMesh@Gu@physx@@QEAA@AEBUPxTriangleMeshInternalData@2@@Z 000000018000308f f   PhysXCommon_64:PhysXCommon_64.dll
 0001:0000209b       ??0BV4TriangleMesh@Gu@physx@@QEAA@AEBUPxTriangleMeshInternalData@2@@Z 000000018000309b f   PhysXCommon_64:PhysXCommon_64.dll
 0001:000020a1       __imp_load_PxGetFoundation 00000001800030a1 f   PhysXFoundation_64:PhysXFoundation_64.dll
 0001:000020ad       PxGetFoundation            00000001800030ad f   PhysXFoundation_64:PhysXFoundation_64.dll
 0001:000020b3       __tailMerge_physxfoundation_64_dll 00000001800030b3     PhysXFoundation_64:PhysXFoundation_64.dll
 0001:0000212c       __imp_load_PxGetBroadcastAllocator 000000018000312c f   PhysXFoundation_64:PhysXFoundation_64.dll
 0001:00002138       PxGetBroadcastAllocator    0000000180003138 f   PhysXFoundation_64:PhysXFoundation_64.dll
 0001:0000213e       __imp_load_PxDecFoundationRefCount 000000018000313e f   PhysXFoundation_64:PhysXFoundation_64.dll
 0001:0000214a       PxDecFoundationRefCount    000000018000314a f   PhysXFoundation_64:PhysXFoundation_64.dll
 0001:00002150       __imp_load_PxIncFoundationRefCount 0000000180003150 f   PhysXFoundation_64:PhysXFoundation_64.dll
 0001:0000215c       PxIncFoundationRefCount    000000018000315c f   PhysXFoundation_64:PhysXFoundation_64.dll
 0001:00002164       ?DloadAcquireSectionWriteAccess@@YAXXZ 0000000180003164 f i Delayimp:delayhlp.obj
 0001:00002210       ?DloadGetSRWLockFunctionPointers@@YAEXZ 0000000180003210 f i Delayimp:delayhlp.obj
 0001:000022b0       ?DloadMakePermanentImageCommit@@YAXPEAX_K@Z 00000001800032b0 f i Delayimp:delayhlp.obj
 0001:00002348       ?DloadObtainSection@@YAPEAXPEAK0@Z 0000000180003348 f i Delayimp:delayhlp.obj
 0001:000023e4       ?DloadProtectSection@@YAXKPEAK@Z 00000001800033e4 f i Delayimp:delayhlp.obj
 0001:00002474       ?DloadReleaseSectionWriteAccess@@YAXXZ 0000000180003474 f i Delayimp:delayhlp.obj
 0001:00002508       __delayLoadHelper2         0000000180003508 f   Delayimp:delayhlp.obj
 0001:000027e0       ??3@YAXPEAX@Z              00000001800037e0 f   LIBCMT:delete_scalar.obj
 0001:000027e8       ??3@YAXPEAX_K@Z            00000001800037e8 f   LIBCMT:delete_scalar_size.obj
 0001:000027e8       ??_V@YAXPEAX@Z             00000001800037e8 f   LIBCMT:delete_array.obj
 0001:000027f0       ??_V@YAXPEAX_K@Z           00000001800037f0 f   LIBCMT:delete_array_size.obj
 0001:00002800       __vdecl_sinf4              0000000180003800 f   LIBCMT:svml_ssinf4_dispatch.obj
 0001:00002820       __libm_sse2_sincosf_       0000000180003820 f   LIBCMT:svml_ssinf4_dispatch.obj
 0001:00002863       __libm_sse2_sincosf4_      0000000180003863 f   LIBCMT:svml_ssinf4_dispatch.obj
 0001:00002870       ??_Etype_info@@UEAAPEAXI@Z 0000000180003870 f i LIBCMT:std_type_info_static.obj
 0001:00002870       ??_Gtype_info@@UEAAPEAXI@Z 0000000180003870 f i LIBCMT:std_type_info_static.obj
 0001:0000289c       ?__scrt_initialize_type_info@@YAXXZ 000000018000389c f   LIBCMT:tncleanup.obj
 0001:000028ac       ?__scrt_uninitialize_type_info@@YAXXZ 00000001800038ac f   LIBCMT:tncleanup.obj
 0001:00002bd8       _DllMainCRTStartup         0000000180003bd8 f   LIBCMT:dll_dllmain.obj
 0001:00002c18       __isa_available_init       0000000180003c18 f   LIBCMT:cpu_disp.obj
 0001:00002dd0       __sse2_sinf4@@16           0000000180003dd0 f   LIBCMT:svml_ssinf4_sse2.obj
 0001:00003710       __sse4_sinf4@@16           0000000180004710 f   LIBCMT:svml_ssinf4_sse4.obj
 0001:00003e84       __security_init_cookie     0000000180004e84 f   LIBCMT:gs_support.obj
 0001:00003f30       ?length@charNode@@UEBAHXZ  0000000180004f30 f   libvcruntime:undname.obj
 0001:00003f30       ?raw_length@charNode@@UEBAHXZ 0000000180004f30 f   libvcruntime:undname.obj
 0001:00003f30       DllMain                    0000000180004f30 f   LIBCMT:dll_dllmain_stub.obj
 0001:00003f30       _get_startup_argv_mode     0000000180004f30 f   LIBCMT:argv_mode.obj
 0001:00003f38       __local_stdio_printf_options 0000000180004f38 f i LIBCMT:default_local_stdio_options.obj
 0001:00003f40       __local_stdio_scanf_options 0000000180004f40 f i LIBCMT:default_local_stdio_options.obj
 0001:00003f48       __scrt_initialize_default_local_stdio_options 0000000180004f48 f   LIBCMT:default_local_stdio_options.obj
 0001:00003f64       __scrt_acquire_startup_lock 0000000180004f64 f   LIBCMT:utility.obj
 0001:00003fa0       __scrt_dllmain_after_initialize_c 0000000180004fa0 f   LIBCMT:utility.obj
 0001:00003fd4       __scrt_dllmain_before_initialize_c 0000000180004fd4 f   LIBCMT:utility.obj
 0001:00003fec       __scrt_dllmain_crt_thread_attach 0000000180004fec f   LIBCMT:utility.obj
 0001:00004014       __scrt_dllmain_crt_thread_detach 0000000180005014 f   LIBCMT:utility.obj
 0001:0000402c       __scrt_dllmain_exception_filter 000000018000502c f   LIBCMT:utility.obj
 0001:0000408c       __scrt_dllmain_uninitialize_c 000000018000508c f   LIBCMT:utility.obj
 0001:000040bc       __scrt_dllmain_uninitialize_critical 00000001800050bc f   LIBCMT:utility.obj
 0001:000040d0       __scrt_initialize_crt      00000001800050d0 f   LIBCMT:utility.obj
 0001:0000411c       __scrt_initialize_onexit_tables 000000018000511c f   LIBCMT:utility.obj
 0001:000041a8       __scrt_is_nonwritable_in_current_image 00000001800051a8 f   LIBCMT:utility.obj
 0001:00004240       __scrt_release_startup_lock 0000000180005240 f   LIBCMT:utility.obj
 0001:00004264       __scrt_uninitialize_crt    0000000180005264 f   LIBCMT:utility.obj
 0001:00004290       __scrt_get_dyn_tls_init_callback 0000000180005290 f   LIBCMT:dyn_tls_init.obj
 0001:00004298       __crt_debugger_hook        0000000180005298 f   LIBCMT:utility_desktop.obj
 0001:000042a0       __scrt_fastfail            00000001800052a0 f   LIBCMT:utility_desktop.obj
 0001:000043ec       _RTC_Initialize            00000001800053ec f   LIBCMT:initsect.obj
 0001:00004428       _RTC_Terminate             0000000180005428 f   LIBCMT:initsect.obj
 0001:00004470       __common_ssin_cout_rare    0000000180005470 f   LIBCMT:svml_s_sin_cout.obj
 0001:000044e0       __scrt_is_ucrt_dll_in_use  00000001800054e0 f   LIBCMT:ucrt_detection.obj
 0001:000044ec       _get_purecall_handler      00000001800054ec f   libvcruntime:purevirt.obj
 0001:000044f8       _purecall                  00000001800054f8 f   libvcruntime:purevirt.obj
 0001:0000451c       __std_type_info_compare    000000018000551c f   libvcruntime:std_type_info.obj
 0001:00004544       __std_type_info_destroy_list 0000000180005544 f   libvcruntime:std_type_info.obj
 0001:00004570       __std_type_info_name       0000000180005570 f   libvcruntime:std_type_info.obj
 0001:00004688       strstr                     0000000180005688 f   libvcruntime:strstr.obj
 0001:00004880       __C_specific_handler       0000000180005880 f   libvcruntime:riscchandler.obj
 0001:00004a78       __vcrt_initialize          0000000180005a78 f   libvcruntime:initialization.obj
 0001:00004aa0       __vcrt_thread_attach       0000000180005aa0 f   libvcruntime:initialization.obj
 0001:00004ab4       __vcrt_thread_detach       0000000180005ab4 f   libvcruntime:initialization.obj
 0001:00004ac8       __vcrt_uninitialize        0000000180005ac8 f   libvcruntime:initialization.obj
 0001:00004ae4       __vcrt_uninitialize_critical 0000000180005ae4 f   libvcruntime:initialization.obj
 0001:00004af4       __DestructExceptionObject  0000000180005af4 f   libvcruntime:ehhelpers.obj
 0001:00004b64       ?_CallMemberFunction0@@YAXQEAX0@Z 0000000180005b64 f i libvcruntime:ehhelpers.obj
 0001:00004b68       _IsExceptionObjectToBeDestroyed 0000000180005b68 f   libvcruntime:ehhelpers.obj
 0001:00004b98       __AdjustPointer            0000000180005b98 f   libvcruntime:ehhelpers.obj
 0001:00004bbc       __FrameUnwindFilter        0000000180005bbc f   libvcruntime:ehhelpers.obj
 0001:00004c24       __std_terminate            0000000180005c24 f   libvcruntime:ehhelpers.obj
 0001:00004c40       memset_repstos             0000000180005c40 f   libvcruntime:memset.obj
 0001:00004c60       memset                     0000000180005c60 f   libvcruntime:memset.obj
 0001:00004fe8       ??$?0$00@DName@@QEAA@PEBDU?$StringLifeSelector@$00@@@Z 0000000180005fe8 f i libvcruntime:undname.obj
 0001:00005028       ??$?0$01@DName@@QEAA@PEBDU?$StringLifeSelector@$01@@@Z 0000000180006028 f i libvcruntime:undname.obj
 0001:00005028       ??$?0$0A@@DName@@QEAA@PEBDU?$StringLifeSelector@$0A@@@@Z 0000000180006028 f i libvcruntime:undname.obj
 0001:00005068       ??$?0$01@pcharNode@@QEAA@PEBDHU?$StringLifeSelector@$01@@@Z 0000000180006068 f i libvcruntime:undname.obj
 0001:00005068       ??$?0$0A@@pcharNode@@QEAA@PEBDHU?$StringLifeSelector@$0A@@@@Z 0000000180006068 f i libvcruntime:undname.obj
 0001:000050dc       ??$append@VDNameNode@@@DName@@AEAAXPEBVDNameNode@@@Z 00000001800060dc f i libvcruntime:undname.obj
 0001:000050dc       ??$append@VDNameStatusNode@@@DName@@AEAAXPEBVDNameStatusNode@@@Z 00000001800060dc f i libvcruntime:undname.obj
 0001:000050dc       ??$append@VcharNode@@@DName@@AEAAXPEBVcharNode@@@Z 00000001800060dc f i libvcruntime:undname.obj
 0001:000050dc       ??$append@VpcharNode@@@DName@@AEAAXPEBVpcharNode@@@Z 00000001800060dc f i libvcruntime:undname.obj
 0001:00005140       ??$doPchar@$00@DName@@AEAAXPEBDH@Z 0000000180006140 f i libvcruntime:undname.obj
 0001:000051e4       ??$doPchar@$01@DName@@AEAAXPEBDH@Z 00000001800061e4 f i libvcruntime:undname.obj
 0001:000051e4       ??$doPchar@$0A@@DName@@AEAAXPEBDH@Z 00000001800061e4 f i libvcruntime:undname.obj
 0001:0000527c       ??0DName@@QEAA@AEAPEBDD@Z  000000018000627c f   libvcruntime:undname.obj
 0001:0000532c       ??0DName@@QEAA@AEBUStringLiteral@@@Z 000000018000632c f   libvcruntime:undname.obj
 0001:00005358       ??0DName@@QEAA@PEAV0@@Z    0000000180006358 f   libvcruntime:undname.obj
 0001:000053dc       ??0DName@@QEAA@_J@Z        00000001800063dc f   libvcruntime:undname.obj
 0001:00005484       ??0DName@@QEAA@_K@Z        0000000180006484 f   libvcruntime:undname.obj
 0001:00005514       ??2@YAPEAX_KAEAV_HeapManager@@H@Z 0000000180006514 f   libvcruntime:undname.obj
 0001:00005540       ??4DName@@QEAAAEAV0@W4DNameStatus@@@Z 0000000180006540 f   libvcruntime:undname.obj
 0001:00005570       ??AReplicator@@QEBA?AVDName@@H@Z 0000000180006570 f   libvcruntime:undname.obj
 0001:000055b0       ??HDName@@QEBA?AV0@AEBUStringLiteral@@@Z 00000001800065b0 f   libvcruntime:undname.obj
 0001:000055dc       ??HDName@@QEBA?AV0@AEBV0@@Z 00000001800065dc f   libvcruntime:undname.obj
 0001:00005608       ??HDName@@QEBA?AV0@D@Z     0000000180006608 f   libvcruntime:undname.obj
 0001:00005634       ??HDName@@QEBA?AV0@W4DNameStatus@@@Z 0000000180006634 f   libvcruntime:undname.obj
 0001:00005660       ??YDName@@QEAAAEAV0@AEBUStringLiteral@@@Z 0000000180006660 f   libvcruntime:undname.obj
 0001:000056e0       ??YDName@@QEAAAEAV0@AEBV0@@Z 00000001800066e0 f   libvcruntime:undname.obj
 0001:00005738       ??YDName@@QEAAAEAV0@D@Z    0000000180006738 f   libvcruntime:undname.obj
 0001:000057a4       ??YDName@@QEAAAEAV0@W4DNameStatus@@@Z 00000001800067a4 f   libvcruntime:undname.obj
 0001:000057fc       ??YReplicator@@QEAAAEAV0@AEBVDName@@@Z 00000001800067fc f   libvcruntime:undname.obj
 0001:00005854       ?UScore@UnDecorator@@SA?AUStringLiteral@@W4Tokens@@@Z 0000000180006854 f   libvcruntime:undname.obj
 0001:000058a0       ?composeDeclaration@UnDecorator@@CA?AVDName@@AEBV2@@Z 00000001800068a0 f i libvcruntime:undname.obj
 0001:00006794       ?doPchar@DName@@AEAAXD@Z   0000000180007794 f   libvcruntime:undname.obj
 0001:000067e4       ?getAddressOf@UnDecorator@@CA?AVDName@@XZ 00000001800077e4 f   libvcruntime:undname.obj
 0001:00006874       ?getArgumentList@UnDecorator@@CA?AVDName@@XZ 0000000180007874 f   libvcruntime:undname.obj
 0001:00006a28       ?getArgumentTypes@UnDecorator@@CA?AVDName@@XZ 0000000180007a28 f   libvcruntime:undname.obj
 0001:00006b74       ?getArrayAccess@UnDecorator@@CA?AVDName@@XZ 0000000180007b74 f   libvcruntime:undname.obj
 0001:00006c10       ?getArrayObject@UnDecorator@@CA?AVDName@@XZ 0000000180007c10 f   libvcruntime:undname.obj
 0001:00006ccc       ?getArrayType@UnDecorator@@CA?AVDName@@AEBV2@@Z 0000000180007ccc f i libvcruntime:undname.obj
 0001:00006f14       ?getBasedType@UnDecorator@@CA?AVDName@@XZ 0000000180007f14 f   libvcruntime:undname.obj
 0001:0000700c       ?getBasicDataType@UnDecorator@@CA?AVDName@@AEBV2@@Z 000000018000800c f   libvcruntime:undname.obj
 0001:00007610       ?getCallingConvention@UnDecorator@@CA?AVDName@@XZ 0000000180008610 f   libvcruntime:undname.obj
 0001:00007748       ?getDataIndirectType@UnDecorator@@CA?AVDName@@AEBV2@W4IndirectionKind@@0H@Z 0000000180008748 f   libvcruntime:undname.obj
 0001:0000806c       ?getDataType@UnDecorator@@CA?AVDName@@PEAV2@@Z 000000018000906c f   libvcruntime:undname.obj
 0001:00008180       ?getDecoratedName@UnDecorator@@CA?AVDName@@XZ 0000000180009180 f   libvcruntime:undname.obj
 0001:00008468       ?getDimension@UnDecorator@@CA?AVDName@@_N@Z 0000000180009468 f   libvcruntime:undname.obj
 0001:000085b0       ?getDispatchTarget@UnDecorator@@CA?AVDName@@XZ 00000001800095b0 f   libvcruntime:undname.obj
 0001:00008610       ?getECSUDataType@UnDecorator@@CA?AVDName@@XZ 0000000180009610 f   libvcruntime:undname.obj
 0001:0000880c       ?getEnumType@UnDecorator@@CA?AVDName@@XZ 000000018000980c f i libvcruntime:undname.obj
 0001:0000893c       ?getExtendedDataIndirectType@UnDecorator@@CA?AVDName@@AEAW4IndirectionKind@@AEA_NH@Z 000000018000993c f   libvcruntime:undname.obj
 0001:00008b40       ?getExternalDataType@UnDecorator@@CA?AVDName@@AEBV2@@Z 0000000180009b40 f i libvcruntime:undname.obj
 0001:00008c00       ?getFloatingPoint@UnDecorator@@CA?AVDName@@H@Z 0000000180009c00 f   libvcruntime:undname.obj
 0001:00008d68       ?getFunctionIndirectType@UnDecorator@@CA?AVDName@@AEBV2@@Z 0000000180009d68 f   libvcruntime:undname.obj
 0001:0000929c       ?getLastChar@DNameStatusNode@@UEBADXZ 000000018000a29c f i libvcruntime:undname.obj
 0001:000092a8       ?getLastChar@charNode@@UEBADXZ 000000018000a2a8 f i libvcruntime:undname.obj
 0001:000092ac       ?getLastChar@pDNameNode@@UEBADXZ 000000018000a2ac f i libvcruntime:undname.obj
 0001:000092d8       ?getLastChar@pairNode@@UEBADXZ 000000018000a2d8 f i libvcruntime:undname.obj
 0001:00009310       ?getLastChar@pcharNode@@UEBADXZ 000000018000a310 f i libvcruntime:undname.obj
 0001:00009324       ?getLexicalFrame@UnDecorator@@CA?AVDName@@XZ 000000018000a324 f i libvcruntime:undname.obj
 0001:00009388       ?getMemberAccess@UnDecorator@@CA?AVDName@@XZ 000000018000a388 f   libvcruntime:undname.obj
 0001:0000941c       ?getMemoryWithBuffer@_HeapManager@@QEAAPEAX_K@Z 000000018000a41c f   libvcruntime:undname.obj
 0001:000094ac       ?getNoexcept@UnDecorator@@CA?AVDName@@XZ 000000018000a4ac f   libvcruntime:undname.obj
 0001:00009510       ?getNumberOfDimensions@UnDecorator@@CAHXZ 000000018000a510 f   libvcruntime:undname.obj
 0001:00009578       ?getOperatorName@UnDecorator@@CA?AVDName@@_NPEA_N@Z 000000018000a578 f i libvcruntime:undname.obj
 0001:00009f28       ?getPointerToMember@UnDecorator@@CA?AVDName@@XZ 000000018000af28 f   libvcruntime:undname.obj
 0001:0000a020       ?getPrimaryDataType@UnDecorator@@CA?AVDName@@AEBV2@@Z 000000018000b020 f   libvcruntime:undname.obj
 0001:0000a2d8       ?getPtrRefDataType@UnDecorator@@CA?AVDName@@AEBV2@H@Z 000000018000b2d8 f   libvcruntime:undname.obj
 0001:0000a4a4       ?getPtrRefType@UnDecorator@@CA?AVDName@@AEBV2@0W4IndirectionKind@@@Z 000000018000b4a4 f   libvcruntime:undname.obj
 0001:0000a67c       ?getRestrictionSpec@UnDecorator@@CA?AVDName@@XZ 000000018000b67c f   libvcruntime:undname.obj
 0001:0000a858       ?getReturnType@UnDecorator@@CA?AVDName@@PEAV2@@Z 000000018000b858 f   libvcruntime:undname.obj
 0001:0000a88c       ?getScope@UnDecorator@@CA?AVDName@@XZ 000000018000b88c f   libvcruntime:undname.obj
 0001:0000ad48       ?getScopedName@UnDecorator@@CA?AVDName@@XZ 000000018000bd48 f   libvcruntime:undname.obj
 0001:0000ae88       ?getSignedDimension@UnDecorator@@CA?AVDName@@XZ 000000018000be88 f   libvcruntime:undname.obj
 0001:0000af10       ?getString@DNameStatusNode@@UEBAPEADPEAD0@Z 000000018000bf10 f i libvcruntime:undname.obj
 0001:0000af58       ?getString@charNode@@UEBAPEADPEAD0@Z 000000018000bf58 f i libvcruntime:undname.obj
 0001:0000af6c       ?getString@pDNameNode@@UEBAPEADPEAD0@Z 000000018000bf6c f i libvcruntime:undname.obj
 0001:0000af9c       ?getString@pairNode@@UEBAPEADPEAD0@Z 000000018000bf9c f i libvcruntime:undname.obj
 0001:0000afe8       ?getString@pcharNode@@UEBAPEADPEAD0@Z 000000018000bfe8 f i libvcruntime:undname.obj
 0001:0000b020       ?getStringEncoding@UnDecorator@@CA?AVDName@@W4PrefixKind@@H@Z 000000018000c020 f   libvcruntime:undname.obj
 0001:0000b130       ?getStringObject@UnDecorator@@CA?AVDName@@XZ 000000018000c130 f   libvcruntime:undname.obj
 0001:0000b198       ?getSymbolName@UnDecorator@@CA?AVDName@@XZ 000000018000c198 f i libvcruntime:undname.obj
 0001:0000b1e4       ?getTemplateArgumentList@UnDecorator@@CA?AVDName@@XZ 000000018000c1e4 f   libvcruntime:undname.obj
 0001:0000b400       ?getTemplateName@UnDecorator@@CA?AVDName@@_N@Z 000000018000c400 f   libvcruntime:undname.obj
 0001:0000b694       ?getTemplateNonTypeArgument@UnDecorator@@CA?AVDName@@XZ 000000018000c694 f   libvcruntime:undname.obj
 0001:0000bbe4       ?getTemplateTypeArgument@UnDecorator@@CA?AVDName@@XZ 000000018000cbe4 f   libvcruntime:undname.obj
 0001:0000bd4c       ?getThrowTypes@UnDecorator@@CA?AVDName@@XZ 000000018000cd4c f   libvcruntime:undname.obj
 0001:0000bd70       ?getTypeEncoding@UnDecorator@@CAHXZ 000000018000cd70 f i libvcruntime:undname.obj
 0001:0000c12c       ?getUndecoratedName@UnDecorator@@QEAAPEADPEADH@Z 000000018000d12c f i libvcruntime:undname.obj
 0001:0000c280       ?getUnionObject@UnDecorator@@CA?AVDName@@XZ 000000018000d280 f   libvcruntime:undname.obj
 0001:0000c358       ?getVCallThunkType@UnDecorator@@CA?AVDName@@XZ 000000018000d358 f i libvcruntime:undname.obj
 0001:0000c3d0       ?getValue@UnDecorator@@CA?AV?$optional@_K@std@@XZ 000000018000d3d0 f   libvcruntime:undname.obj
 0001:0000c444       ?getValueObject@UnDecorator@@CA?AVDName@@XZ 000000018000d444 f   libvcruntime:undname.obj
 0001:0000c584       ?getVdispMapType@UnDecorator@@CA?AVDName@@AEBV2@@Z 000000018000d584 f i libvcruntime:undname.obj
 0001:0000c600       ?getVfTableType@UnDecorator@@CA?AVDName@@AEBV2@@Z 000000018000d600 f i libvcruntime:undname.obj
 0001:0000c80c       ?getZName@UnDecorator@@CA?AVDName@@_N0@Z 000000018000d80c f   libvcruntime:undname.obj
 0001:0000cae0       ?length@DNameStatusNode@@UEBAHXZ 000000018000dae0 f i libvcruntime:undname.obj
 0001:0000cae0       ?raw_length@DNameStatusNode@@UEBAHXZ 000000018000dae0 f i libvcruntime:undname.obj
 0001:0000cae4       ?length@pDNameNode@@UEBAHXZ 000000018000dae4 f i libvcruntime:undname.obj
 0001:0000cb0c       ?length@pairNode@@UEBAHXZ  000000018000db0c f i libvcruntime:undname.obj
 0001:0000cb54       ?length@pcharNode@@UEBAHXZ 000000018000db54 f i libvcruntime:undname.obj
 0001:0000cb54       ?raw_length@pcharNode@@UEBAHXZ 000000018000db54 f i libvcruntime:undname.obj
 0001:0000cb58       ?parseDecoratedName@UnDecorator@@CA?AVDName@@XZ 000000018000db58 f   libvcruntime:undname.obj
 0001:0000cc70       ?raw_length@pDNameNode@@UEBAHXZ 000000018000dc70 f i libvcruntime:undname.obj
 0001:0000cc74       ?raw_length@pairNode@@UEBAHXZ 000000018000dc74 f i libvcruntime:undname.obj
 0001:0000cc78       __unDName                  000000018000dc78 f   libvcruntime:undname.obj
 0001:0000cca0       __unDNameEx                000000018000dca0 f   libvcruntime:undname.obj
 0001:0000cdd4       snprintf                   000000018000ddd4 f i libvcruntime:undname.obj
 0001:0000ce2c       sprintf_s                  000000018000de2c f i libvcruntime:undname.obj
 0001:0000ce90       _NLG_Notify                000000018000de90 f   libvcruntime:notify.obj
 0001:0000ceb0       __NLG_Dispatch2            000000018000deb0 f   libvcruntime:notify.obj
 0001:0000cec0       __NLG_Return2              000000018000dec0 f   libvcruntime:notify.obj
 0001:0000cec4       __except_validate_context_record 000000018000dec4 f   libvcruntime:jbcxrval.obj
 0001:0000cf10       memcpy_repmovs             000000018000df10 f   libvcruntime:memcpy.obj
 0001:0000cf30       memcpy                     000000018000df30 f   libvcruntime:memcpy.obj
 0001:0000cf30       memmove                    000000018000df30 f   libvcruntime:memcpy.obj
 0001:0000d5a8       __vcrt_freefls             000000018000e5a8 f   libvcruntime:per_thread_data.obj
 0001:0000d5c8       __vcrt_freeptd             000000018000e5c8 f   libvcruntime:per_thread_data.obj
 0001:0000d618       __vcrt_getptd              000000018000e618 f   libvcruntime:per_thread_data.obj
 0001:0000d634       __vcrt_getptd_noexit       000000018000e634 f   libvcruntime:per_thread_data.obj
 0001:0000d6f4       __vcrt_initialize_ptd      000000018000e6f4 f   libvcruntime:per_thread_data.obj
 0001:0000d73c       __vcrt_uninitialize_ptd    000000018000e73c f   libvcruntime:per_thread_data.obj
 0001:0000d760       __vcrt_initialize_locks    000000018000e760 f   libvcruntime:locks.obj
 0001:0000d7a8       __vcrt_lock                000000018000e7a8 f   libvcruntime:locks.obj
 0001:0000d7c4       __vcrt_uninitialize_locks  000000018000e7c4 f   libvcruntime:locks.obj
 0001:0000d7fc       __vcrt_unlock              000000018000e7fc f   libvcruntime:locks.obj
 0001:0000d818       ??$_CallSETranslator@V__FrameHandler3@@@@YAHPEAUEHExceptionRecord@@PEA_KPEAU_CONTEXT@@PEAU_xDISPATCHER_CONTEXT@@PEBU_s_FuncInfo@@K1H@Z 000000018000e818 f i libvcruntime:risctrnsctrl.obj
 0001:0000d86c       ??$_CallSETranslator@V__FrameHandler4@@@@YAHPEAUEHExceptionRecord@@PEA_KPEAU_CONTEXT@@PEAU_xDISPATCHER_CONTEXT@@PEAUFuncInfo4@FH4@@K1H@Z 000000018000e86c f i libvcruntime:risctrnsctrl.obj
 0001:0000d8c0       ?CatchTryBlock@__FrameHandler3@@SAPEBU_s_TryBlockMapEntry@@PEBU_s_FuncInfo@@H@Z 000000018000e8c0 f   libvcruntime:risctrnsctrl.obj
 0001:0000d924       ?DecompFuncInfo@FH4@@YA_JPEAEAEAUFuncInfo4@1@_KH_N@Z 000000018000e924 f i libvcruntime:risctrnsctrl.obj
 0001:0000da48       ?ExecutionInCatch@__FrameHandler3@@SA_NPEAU_xDISPATCHER_CONTEXT@@PEBU_s_FuncInfo@@@Z 000000018000ea48 f   libvcruntime:risctrnsctrl.obj
 0001:0000da74       ?ExecutionInCatch@__FrameHandler4@@SA_NPEAU_xDISPATCHER_CONTEXT@@PEAUFuncInfo4@FH4@@@Z 000000018000ea74 f   libvcruntime:risctrnsctrl.obj
 0001:0000da7c       ?FrameUnwindToEmptyState@__FrameHandler3@@SAXPEA_KPEAU_xDISPATCHER_CONTEXT@@PEBU_s_FuncInfo@@@Z 000000018000ea7c f   libvcruntime:risctrnsctrl.obj
 0001:0000dae0       ?FrameUnwindToEmptyState@__FrameHandler4@@SAXPEA_KPEAU_xDISPATCHER_CONTEXT@@PEAUFuncInfo4@FH4@@@Z 000000018000eae0 f   libvcruntime:risctrnsctrl.obj
 0001:0000db14       ?GetEstablisherFrame@__FrameHandler3@@SAPEA_KPEA_KPEAU_xDISPATCHER_CONTEXT@@PEBU_s_FuncInfo@@0@Z 000000018000eb14 f   libvcruntime:risctrnsctrl.obj
 0001:0000dbe0       ?GetEstablisherFrame@__FrameHandler4@@SAPEA_KPEA_KPEAU_xDISPATCHER_CONTEXT@@PEAUFuncInfo4@FH4@@0@Z 000000018000ebe0 f   libvcruntime:risctrnsctrl.obj
 0001:0000dc04       ?GetRangeOfTrysToCheck@__FrameHandler3@@SA?AU?$pair@Viterator@TryBlockMap@__FrameHandler3@@V123@@std@@AEAVTryBlockMap@1@HPEAU_xDISPATCHER_CONTEXT@@PEBU_s_FuncInfo@@H@Z 000000018000ec04 f   libvcruntime:risctrnsctrl.obj
 0001:0000dd44       ?GetRangeOfTrysToCheck@__FrameHandler4@@SA?AU?$pair@Viterator@TryBlockMap4@FH4@@V123@@std@@AEAVTryBlockMap4@FH4@@HPEAU_xDISPATCHER_CONTEXT@@PEAUFuncInfo4@5@H@Z 000000018000ed44 f   libvcruntime:risctrnsctrl.obj
 0001:0000deb0       ?UnwindNestedFrames@__FrameHandler3@@SAXPEA_KPEAUEHExceptionRecord@@PEAU_CONTEXT@@0PEAXPEBU_s_FuncInfo@@HHPEBU_s_HandlerType@@PEAU_xDISPATCHER_CONTEXT@@E@Z 000000018000eeb0 f   libvcruntime:risctrnsctrl.obj
 0001:0000dfb4       ?UnwindNestedFrames@__FrameHandler4@@SAXPEA_KPEAUEHExceptionRecord@@PEAU_CONTEXT@@0PEAXPEAUFuncInfo4@FH4@@HHPEAUHandlerType4@5@PEAU_xDISPATCHER_CONTEXT@@E@Z 000000018000efb4 f   libvcruntime:risctrnsctrl.obj
 0001:0000e0d4       ?setBuffer@TryBlockMap4@FH4@@QEAAXViterator@12@@Z 000000018000f0d4 f i libvcruntime:risctrnsctrl.obj
 0001:0000e298       _CreateFrameInfo           000000018000f298 f   libvcruntime:risctrnsctrl.obj
 0001:0000e2d4       _FindAndUnlinkFrame        000000018000f2d4 f   libvcruntime:risctrnsctrl.obj
 0001:0000e328       _GetImageBase              000000018000f328 f   libvcruntime:risctrnsctrl.obj
 0001:0000e33c       _GetThrowImageBase         000000018000f33c f   libvcruntime:risctrnsctrl.obj
 0001:0000e350       _SetImageBase              000000018000f350 f   libvcruntime:risctrnsctrl.obj
 0001:0000e368       _SetThrowImageBase         000000018000f368 f   libvcruntime:risctrnsctrl.obj
 0001:0000e380       __CxxFrameHandler3         000000018000f380 f   libvcruntime:risctrnsctrl.obj
 0001:0000e408       __CxxFrameHandler4         000000018000f408 f   libvcruntime:risctrnsctrl.obj
 0001:0000e618       __vcrt_FlsAlloc            000000018000f618 f   libvcruntime:winapi_downlevel.obj
 0001:0000e660       __vcrt_FlsFree             000000018000f660 f   libvcruntime:winapi_downlevel.obj
 0001:0000e6a8       __vcrt_FlsGetValue         000000018000f6a8 f   libvcruntime:winapi_downlevel.obj
 0001:0000e6f0       __vcrt_FlsSetValue         000000018000f6f0 f   libvcruntime:winapi_downlevel.obj
 0001:0000e744       __vcrt_InitializeCriticalSectionEx 000000018000f744 f   libvcruntime:winapi_downlevel.obj
 0001:0000e7a8       ?GetCurrentState@__FrameHandler3@@SAHPEA_KPEAU_xDISPATCHER_CONTEXT@@PEBU_s_FuncInfo@@@Z 000000018000f7a8 f   libvcruntime:ehstate.obj
 0001:0000e7d0       ?GetUnwindTryBlock@__FrameHandler3@@SAHPEA_KPEAU_xDISPATCHER_CONTEXT@@PEBU_s_FuncInfo@@@Z 000000018000f7d0 f   libvcruntime:ehstate.obj
 0001:0000e7fc       ?SetState@__FrameHandler3@@SAXPEA_KPEBU_s_FuncInfo@@H@Z 000000018000f7fc f   libvcruntime:ehstate.obj
 0001:0000e808       ?SetUnwindTryBlock@__FrameHandler3@@SAXPEA_KPEAU_xDISPATCHER_CONTEXT@@PEBU_s_FuncInfo@@H@Z 000000018000f808 f   libvcruntime:ehstate.obj
 0001:0000e844       ?StateFromControlPc@__FrameHandler3@@SAHPEBU_s_FuncInfo@@PEAU_xDISPATCHER_CONTEXT@@@Z 000000018000f844 f   libvcruntime:ehstate.obj
 0001:0000e84c       ?StateFromControlPc@__FrameHandler4@@SAHPEAUFuncInfo4@FH4@@PEAU_xDISPATCHER_CONTEXT@@@Z 000000018000f84c f   libvcruntime:ehstate.obj
 0001:0000e854       ?StateFromIp@__FrameHandler3@@SAHPEBU_s_FuncInfo@@PEAU_xDISPATCHER_CONTEXT@@_K@Z 000000018000f854 f   libvcruntime:ehstate.obj
 0001:0000e8bc       ?StateFromIp@__FrameHandler4@@SAHPEAUFuncInfo4@FH4@@PEAU_xDISPATCHER_CONTEXT@@_K@Z 000000018000f8bc f   libvcruntime:ehstate.obj
 0001:0000ffbc       ??$TypeMatchHelper@V__FrameHandler3@@@@YAHPEBU_s_HandlerType@@PEBU_s_CatchableType@@PEBU_s_ThrowInfo@@@Z 0000000180010fbc f i libvcruntime:frame.obj
 0001:000100fc       ??$TypeMatchHelper@V__FrameHandler4@@@@YAHPEAUHandlerType4@FH4@@PEBU_s_CatchableType@@PEBU_s_ThrowInfo@@@Z 00000001800110fc f i libvcruntime:frame.obj
 0001:00010240       ??$__InternalCxxFrameHandler@V__FrameHandler3@@@@YA?AW4_EXCEPTION_DISPOSITION@@PEAUEHExceptionRecord@@PEA_KPEAU_CONTEXT@@PEAU_xDISPATCHER_CONTEXT@@PEBU_s_FuncInfo@@H1E@Z 0000000180011240 f i libvcruntime:frame.obj
 0001:00010478       ??$__InternalCxxFrameHandler@V__FrameHandler4@@@@YA?AW4_EXCEPTION_DISPOSITION@@PEAUEHExceptionRecord@@PEA_KPEAU_CONTEXT@@PEAU_xDISPATCHER_CONTEXT@@PEAUFuncInfo4@FH4@@H1E@Z 0000000180011478 f i libvcruntime:frame.obj
 0001:0001070c       ??$__InternalCxxFrameHandlerWrapper@V__FrameHandler3@@@@YA?AW4_EXCEPTION_DISPOSITION@@PEAUEHExceptionRecord@@PEA_KPEAU_CONTEXT@@PEAU_xDISPATCHER_CONTEXT@@PEBU_s_FuncInfo@@H1E@Z 000000018001170c f i libvcruntime:frame.obj
 0001:00010714       ??$__InternalCxxFrameHandlerWrapper@V__FrameHandler4@@@@YA?AW4_EXCEPTION_DISPOSITION@@PEAUEHExceptionRecord@@PEA_KPEAU_CONTEXT@@PEAU_xDISPATCHER_CONTEXT@@PEAUFuncInfo4@FH4@@H1E@Z 0000000180011714 f i libvcruntime:frame.obj
 0001:00010770       ??0HandlerMap4@FH4@@QEAA@PEBUTryBlockMapEntry4@1@_KH@Z 0000000180011770 f i libvcruntime:frame.obj
 0001:000107ec       ??0TryBlockMap4@FH4@@QEAA@PEBUFuncInfo4@1@_K@Z 00000001800117ec f i libvcruntime:frame.obj
 0001:000108c4       ??0bad_exception@std@@QEAA@AEBV01@@Z 00000001800118c4 f i libvcruntime:frame.obj
 0001:00010900       ??0bad_exception@std@@QEAA@XZ 0000000180011900 f i libvcruntime:frame.obj
 0001:00010920       ??0exception@std@@QEAA@AEBV01@@Z 0000000180011920 f i libvcruntime:frame.obj
 0001:00010954       ??1bad_exception@std@@UEAA@XZ 0000000180011954 f i libvcruntime:frame.obj
 0001:00010968       ??_Ebad_exception@std@@UEAAPEAXI@Z 0000000180011968 f i libvcruntime:frame.obj
 0001:00010968       ??_Eexception@std@@UEAAPEAXI@Z 0000000180011968 f i libvcruntime:frame.obj
 0001:00010968       ??_Gbad_exception@std@@UEAAPEAXI@Z 0000000180011968 f i libvcruntime:frame.obj
 0001:00010968       ??_Gexception@std@@UEAAPEAXI@Z 0000000180011968 f i libvcruntime:frame.obj
 0001:000109ac       ?CxxCallCatchBlock@__FrameHandler3@@SAPEAXPEAU_EXCEPTION_RECORD@@@Z 00000001800119ac f   libvcruntime:frame.obj
 0001:00010b98       ?CxxCallCatchBlock@__FrameHandler4@@SAPEAXPEAU_EXCEPTION_RECORD@@@Z 0000000180011b98 f   libvcruntime:frame.obj
 0001:00010de8       ?DecompHandler@HandlerMap4@FH4@@AEAAXXZ 0000000180011de8 f i libvcruntime:frame.obj
 0001:00011034       ?FrameUnwindToState@__FrameHandler3@@SAXPEA_KPEAU_xDISPATCHER_CONTEXT@@PEBU_s_FuncInfo@@H@Z 0000000180012034 f   libvcruntime:frame.obj
 0001:000111c0       ?FrameUnwindToState@__FrameHandler4@@SAXPEA_KPEAU_xDISPATCHER_CONTEXT@@PEAUFuncInfo4@FH4@@H@Z 00000001800121c0 f   libvcruntime:frame.obj
 0001:000114bc       ?GetHandlerSearchState@__FrameHandler3@@SAHPEA_KPEAU_xDISPATCHER_CONTEXT@@PEBU_s_FuncInfo@@@Z 00000001800124bc f i libvcruntime:frame.obj
 0001:000116cc       ?ReadEntry@UWMap4@FH4@@AEAAXPEAPEAE@Z 00000001800126cc f i libvcruntime:frame.obj
 0001:00011768       ?_CallMemberFunction1@@YAXQEAX00@Z 0000000180012768 f i libvcruntime:frame.obj
 0001:00011774       ?_CallMemberFunction2@@YAXQEAX00H@Z 0000000180012774 f i libvcruntime:frame.obj
 0001:00011784       ?getStartStop@UWMap4@FH4@@QEAAXHHAEAViterator@12@0@Z 0000000180012784 f i libvcruntime:frame.obj
 0001:00011854       ?getStateFromIterators@UWMap4@FH4@@SAHAEBViterator@12@H0H0@Z 0000000180012854 f i libvcruntime:frame.obj
 0001:00011904       ?what@exception@std@@UEBAPEBDXZ 0000000180012904 f i libvcruntime:frame.obj
 0001:00011930       _CallSettingFrame          0000000180012930 f   libvcruntime:handlers.obj
 0001:00011980       _CallSettingFrame_LookupContinuationIndex 0000000180012980 f   libvcruntime:handlers.obj
 0001:000119b0       _CallSettingFrame_NotifyContinuationAddr 00000001800129b0 f   libvcruntime:handlers.obj
 0001:000119e0       _CallSettingFrameEncoded   00000001800129e0 f   libvcruntime:handlers.obj
 0001:00011a28       __std_exception_copy       0000000180012a28 f   libvcruntime:std_exception.obj
 0001:00011ab8       __std_exception_destroy    0000000180012ab8 f   libvcruntime:std_exception.obj
 0001:00011ae0       _CxxThrowException         0000000180012ae0 f   libvcruntime:throw.obj
 0001:00011b80       _local_unwind              0000000180012b80 f   libvcruntime:jmpuwind.obj
 0001:00011bb0       cosf                       0000000180012bb0 f   libucrt:cosf.obj
 0001:000120b0       sinf                       00000001800130b0 f   libucrt:sinf.obj
 0001:000127a8       free                       00000001800137a8 f   libucrt:free.obj
 0001:000127bc       _initterm                  00000001800137bc f   libucrt:initterm.obj
 0001:00012800       _initterm_e                0000000180013800 f   libucrt:initterm.obj
 0001:00012848       _seh_filter_dll            0000000180013848 f   libucrt:exception_filter.obj
 0001:0001285c       _seh_filter_exe            000000018001385c f   libucrt:exception_filter.obj
 0001:00012c80       __acrt_initialize_thread_local_exit_callback 0000000180013c80 f   libucrt:exit.obj
 0001:00012c88       _cexit                     0000000180013c88 f   libucrt:exit.obj
 0001:00012c98       _exit                      0000000180013c98 f   libucrt:exit.obj
 0001:00012ca4       _is_c_termination_complete 0000000180013ca4 f   libucrt:exit.obj
 0001:00012e6c       __acrt_allocate_buffer_for_argv 0000000180013e6c f   libucrt:argv_parsing.obj
 0001:00012ecc       _configure_narrow_argv     0000000180013ecc f   libucrt:argv_parsing.obj
 0001:00013254       __dcrt_uninitialize_environments_nolock 0000000180014254 f   libucrt:environment_initialization.obj
 0001:00013298       _initialize_narrow_environment 0000000180014298 f   libucrt:environment_initialization.obj
 0001:000133fc       _execute_onexit_table      00000001800143fc f   libucrt:onexit.obj
 0001:00013440       _initialize_onexit_table   0000000180014440 f   libucrt:onexit.obj
 0001:000134a0       __acrt_uninitialize_command_line 00000001800144a0 f   libucrt:argv_data.obj
 0001:00013598       __acrt_initialize          0000000180014598 f   libucrt:initialization.obj
 0001:000135ac       __acrt_thread_attach       00000001800145ac f   libucrt:initialization.obj
 0001:000135c0       __acrt_thread_detach       00000001800145c0 f   libucrt:initialization.obj
 0001:000135d0       __acrt_uninitialize        00000001800145d0 f   libucrt:initialization.obj
 0001:00013608       __acrt_uninitialize_critical 0000000180014608 f   libucrt:initialization.obj
 0001:00013618       terminate                  0000000180014618 f   libucrt:terminate.obj
 0001:00013644       abort                      0000000180014644 f   libucrt:abort.obj
 0001:0001369c       malloc                     000000018001469c f   libucrt:malloc.obj
 0001:000136a4       strcpy_s                   00000001800146a4 f   libucrt:strcpy_s.obj
 0001:000138b4       ??$ensure_buffer_is_big_enough@D@formatting_buffer@__crt_stdio_output@@QEAA_N_KAEAV__crt_cached_ptd_host@@@Z 00000001800148b4 f i libucrt:output.obj
 0001:0001395c       ??$parse_integer@KV?$c_string_character_source@D@__crt_strtox@@$0A@@__crt_strtox@@YAKAEAV__crt_cached_ptd_host@@V?$c_string_character_source@D@0@H_N@Z 000000018001495c f i libucrt:output.obj
 0001:00013c0c       ??$type_case_integer@$07@?$output_processor@DV?$string_output_adapter@D@__crt_stdio_output@@V?$format_validation_base@DV?$string_output_adapter@D@__crt_stdio_output@@@2@@__crt_stdio_output@@AEAA_N_N@Z 0000000180014c0c f i libucrt:output.obj
 0001:00013c0c       ??$type_case_integer@$07@?$output_processor@DV?$string_output_adapter@D@__crt_stdio_output@@V?$standard_base@DV?$string_output_adapter@D@__crt_stdio_output@@@2@@__crt_stdio_output@@AEAA_N_N@Z 0000000180014c0c f i libucrt:output.obj
 0001:00013df4       ??$type_case_integer@$09@?$output_processor@DV?$string_output_adapter@D@__crt_stdio_output@@V?$format_validation_base@DV?$string_output_adapter@D@__crt_stdio_output@@@2@@__crt_stdio_output@@AEAA_N_N@Z 0000000180014df4 f i libucrt:output.obj
 0001:00013df4       ??$type_case_integer@$09@?$output_processor@DV?$string_output_adapter@D@__crt_stdio_output@@V?$standard_base@DV?$string_output_adapter@D@__crt_stdio_output@@@2@@__crt_stdio_output@@AEAA_N_N@Z 0000000180014df4 f i libucrt:output.obj
 0001:00013fdc       ??$type_case_integer@$0BA@@?$output_processor@DV?$string_output_adapter@D@__crt_stdio_output@@V?$format_validation_base@DV?$string_output_adapter@D@__crt_stdio_output@@@2@@__crt_stdio_output@@AEAA_N_N@Z 0000000180014fdc f i libucrt:output.obj
 0001:00013fdc       ??$type_case_integer@$0BA@@?$output_processor@DV?$string_output_adapter@D@__crt_stdio_output@@V?$standard_base@DV?$string_output_adapter@D@__crt_stdio_output@@@2@@__crt_stdio_output@@AEAA_N_N@Z 0000000180014fdc f i libucrt:output.obj
 0001:000141c4       ??$type_case_integer_parse_into_buffer@I$07@?$output_processor@DV?$string_output_adapter@D@__crt_stdio_output@@V?$format_validation_base@DV?$string_output_adapter@D@__crt_stdio_output@@@2@@__crt_stdio_output@@AEAAXI_N@Z 00000001800151c4 f i libucrt:output.obj
 0001:000141c4       ??$type_case_integer_parse_into_buffer@I$07@?$output_processor@DV?$string_output_adapter@D@__crt_stdio_output@@V?$standard_base@DV?$string_output_adapter@D@__crt_stdio_output@@@2@@__crt_stdio_output@@AEAAXI_N@Z 00000001800151c4 f i libucrt:output.obj
 0001:00014240       ??$type_case_integer_parse_into_buffer@I$09@?$output_processor@DV?$string_output_adapter@D@__crt_stdio_output@@V?$format_validation_base@DV?$string_output_adapter@D@__crt_stdio_output@@@2@@__crt_stdio_output@@AEAAXI_N@Z 0000000180015240 f i libucrt:output.obj
 0001:00014240       ??$type_case_integer_parse_into_buffer@I$09@?$output_processor@DV?$string_output_adapter@D@__crt_stdio_output@@V?$standard_base@DV?$string_output_adapter@D@__crt_stdio_output@@@2@@__crt_stdio_output@@AEAAXI_N@Z 0000000180015240 f i libucrt:output.obj
 0001:000142e8       ??$type_case_integer_parse_into_buffer@I$0BA@@?$output_processor@DV?$string_output_adapter@D@__crt_stdio_output@@V?$format_validation_base@DV?$string_output_adapter@D@__crt_stdio_output@@@2@@__crt_stdio_output@@AEAAXI_N@Z 00000001800152e8 f i libucrt:output.obj
 0001:000142e8       ??$type_case_integer_parse_into_buffer@I$0BA@@?$output_processor@DV?$string_output_adapter@D@__crt_stdio_output@@V?$standard_base@DV?$string_output_adapter@D@__crt_stdio_output@@@2@@__crt_stdio_output@@AEAAXI_N@Z 00000001800152e8 f i libucrt:output.obj
 0001:00014374       ??$type_case_integer_parse_into_buffer@_K$07@?$output_processor@DV?$string_output_adapter@D@__crt_stdio_output@@V?$format_validation_base@DV?$string_output_adapter@D@__crt_stdio_output@@@2@@__crt_stdio_output@@AEAAX_K_N@Z 0000000180015374 f i libucrt:output.obj
 0001:00014374       ??$type_case_integer_parse_into_buffer@_K$07@?$output_processor@DV?$string_output_adapter@D@__crt_stdio_output@@V?$standard_base@DV?$string_output_adapter@D@__crt_stdio_output@@@2@@__crt_stdio_output@@AEAAX_K_N@Z 0000000180015374 f i libucrt:output.obj
 0001:000143f0       ??$type_case_integer_parse_into_buffer@_K$09@?$output_processor@DV?$string_output_adapter@D@__crt_stdio_output@@V?$format_validation_base@DV?$string_output_adapter@D@__crt_stdio_output@@@2@@__crt_stdio_output@@AEAAX_K_N@Z 00000001800153f0 f i libucrt:output.obj
 0001:000143f0       ??$type_case_integer_parse_into_buffer@_K$09@?$output_processor@DV?$string_output_adapter@D@__crt_stdio_output@@V?$standard_base@DV?$string_output_adapter@D@__crt_stdio_output@@@2@@__crt_stdio_output@@AEAAX_K_N@Z 00000001800153f0 f i libucrt:output.obj
 0001:0001449c       ??$type_case_integer_parse_into_buffer@_K$0BA@@?$output_processor@DV?$string_output_adapter@D@__crt_stdio_output@@V?$format_validation_base@DV?$string_output_adapter@D@__crt_stdio_output@@@2@@__crt_stdio_output@@AEAAX_K_N@Z 000000018001549c f i libucrt:output.obj
 0001:0001449c       ??$type_case_integer_parse_into_buffer@_K$0BA@@?$output_processor@DV?$string_output_adapter@D@__crt_stdio_output@@V?$standard_base@DV?$string_output_adapter@D@__crt_stdio_output@@@2@@__crt_stdio_output@@AEAAX_K_N@Z 000000018001549c f i libucrt:output.obj
 0001:00014528       ?crop_zeroes@__crt_stdio_output@@YAXPEADQEAU__crt_locale_pointers@@@Z 0000000180015528 f i libucrt:output.obj
 0001:000145a0       ?get_raw_ptd@__crt_cached_ptd_host@@QEAAPEAU__acrt_ptd@@XZ 00000001800155a0 f i libucrt:output.obj
 0001:00014608       ?parse_int_from_format_string@?$output_processor@DV?$string_output_adapter@D@__crt_stdio_output@@V?$format_validation_base@DV?$string_output_adapter@D@__crt_stdio_output@@@2@@__crt_stdio_output@@AEAA_NQEAH@Z 0000000180015608 f i libucrt:output.obj
 0001:00014608       ?parse_int_from_format_string@?$output_processor@DV?$string_output_adapter@D@__crt_stdio_output@@V?$standard_base@DV?$string_output_adapter@D@__crt_stdio_output@@@2@@__crt_stdio_output@@AEAA_NQEAH@Z 0000000180015608 f i libucrt:output.obj
 0001:00014698       ?process@?$output_processor@DV?$string_output_adapter@D@__crt_stdio_output@@V?$format_validation_base@DV?$string_output_adapter@D@__crt_stdio_output@@@2@@__crt_stdio_output@@QEAAHXZ 0000000180015698 f i libucrt:output.obj
 0001:00014a28       ?process@?$output_processor@DV?$string_output_adapter@D@__crt_stdio_output@@V?$standard_base@DV?$string_output_adapter@D@__crt_stdio_output@@@2@@__crt_stdio_output@@QEAAHXZ 0000000180015a28 f i libucrt:output.obj
 0001:00014dac       ?state_case_size@?$output_processor@DV?$string_output_adapter@D@__crt_stdio_output@@V?$format_validation_base@DV?$string_output_adapter@D@__crt_stdio_output@@@2@@__crt_stdio_output@@AEAA_NXZ 0000000180015dac f i libucrt:output.obj
 0001:00014dac       ?state_case_size@?$output_processor@DV?$string_output_adapter@D@__crt_stdio_output@@V?$standard_base@DV?$string_output_adapter@D@__crt_stdio_output@@@2@@__crt_stdio_output@@AEAA_NXZ 0000000180015dac f i libucrt:output.obj
 0001:00014f30       ?state_case_type@?$output_processor@DV?$string_output_adapter@D@__crt_stdio_output@@V?$format_validation_base@DV?$string_output_adapter@D@__crt_stdio_output@@@2@@__crt_stdio_output@@AEAA_NXZ 0000000180015f30 f i libucrt:output.obj
 0001:00014f30       ?state_case_type@?$output_processor@DV?$string_output_adapter@D@__crt_stdio_output@@V?$standard_base@DV?$string_output_adapter@D@__crt_stdio_output@@@2@@__crt_stdio_output@@AEAA_NXZ 0000000180015f30 f i libucrt:output.obj
 0001:000152fc       ?type_case_Z@?$output_processor@DV?$string_output_adapter@D@__crt_stdio_output@@V?$format_validation_base@DV?$string_output_adapter@D@__crt_stdio_output@@@2@@__crt_stdio_output@@AEAA_NXZ 00000001800162fc f i libucrt:output.obj
 0001:000152fc       ?type_case_Z@?$output_processor@DV?$string_output_adapter@D@__crt_stdio_output@@V?$standard_base@DV?$string_output_adapter@D@__crt_stdio_output@@@2@@__crt_stdio_output@@AEAA_NXZ 00000001800162fc f i libucrt:output.obj
 0001:00015374       ?type_case_a@?$output_processor@DV?$string_output_adapter@D@__crt_stdio_output@@V?$format_validation_base@DV?$string_output_adapter@D@__crt_stdio_output@@@2@@__crt_stdio_output@@AEAA_NXZ 0000000180016374 f i libucrt:output.obj
 0001:00015374       ?type_case_a@?$output_processor@DV?$string_output_adapter@D@__crt_stdio_output@@V?$standard_base@DV?$string_output_adapter@D@__crt_stdio_output@@@2@@__crt_stdio_output@@AEAA_NXZ 0000000180016374 f i libucrt:output.obj
 0001:000155c0       ?type_case_c_tchar@?$output_processor@DV?$string_output_adapter@D@__crt_stdio_output@@V?$format_validation_base@DV?$string_output_adapter@D@__crt_stdio_output@@@2@@__crt_stdio_output@@AEAA_ND@Z 00000001800165c0 f i libucrt:output.obj
 0001:000155c0       ?type_case_c_tchar@?$output_processor@DV?$string_output_adapter@D@__crt_stdio_output@@V?$standard_base@DV?$string_output_adapter@D@__crt_stdio_output@@@2@@__crt_stdio_output@@AEAA_ND@Z 00000001800165c0 f i libucrt:output.obj
 0001:00015684       ?type_case_n@?$output_processor@DV?$string_output_adapter@D@__crt_stdio_output@@V?$format_validation_base@DV?$string_output_adapter@D@__crt_stdio_output@@@2@@__crt_stdio_output@@AEAA_NXZ 0000000180016684 f i libucrt:output.obj
 0001:00015684       ?type_case_n@?$output_processor@DV?$string_output_adapter@D@__crt_stdio_output@@V?$standard_base@DV?$string_output_adapter@D@__crt_stdio_output@@@2@@__crt_stdio_output@@AEAA_NXZ 0000000180016684 f i libucrt:output.obj
 0001:00015738       ?type_case_s@?$output_processor@DV?$string_output_adapter@D@__crt_stdio_output@@V?$format_validation_base@DV?$string_output_adapter@D@__crt_stdio_output@@@2@@__crt_stdio_output@@AEAA_NXZ 0000000180016738 f i libucrt:output.obj
 0001:00015738       ?type_case_s@?$output_processor@DV?$string_output_adapter@D@__crt_stdio_output@@V?$standard_base@DV?$string_output_adapter@D@__crt_stdio_output@@@2@@__crt_stdio_output@@AEAA_NXZ 0000000180016738 f i libucrt:output.obj
 0001:000157d0       ?update_locale_slow@__crt_cached_ptd_host@@AEAAXXZ 00000001800167d0 f i libucrt:output.obj
 0001:00015848       ?write_string@?$string_output_adapter@D@__crt_stdio_output@@QEBAXQEBDHQEAHAEAV__crt_cached_ptd_host@@@Z 0000000180016848 f i libucrt:output.obj
 0001:000158ec       __stdio_common_vsprintf    00000001800168ec f   libucrt:output.obj
 0001:00015b40       __stdio_common_vsprintf_s  0000000180016b40 f   libucrt:output.obj
 0001:00015c54       ??$parse_integer@KV?$c_string_character_source@D@__crt_strtox@@$00@__crt_strtox@@YAKAEAV__crt_cached_ptd_host@@V?$c_string_character_source@D@0@H_N@Z 0000000180016c54 f i libucrt:atox.obj
 0001:00015f34       _ischartype_l              0000000180016f34 f i libucrt:atox.obj
 0001:00015fac       atol                       0000000180016fac f   libucrt:atox.obj
 0001:00016070       strncmp                    0000000180017070 f   libucrt:strncmp.obj
 0001:000160f0       calloc                     00000001800170f0 f   libucrt:calloc.obj
 0001:000160f8       wcsncmp                    00000001800170f8 f   libucrt:wcsncmp.obj
 0001:00016130       __remainder_piby2d2f_forAsm 0000000180017130 f   libucrt:remainder_piby2f_forasm.obj
 0001:00016280       __remainder_piby2_fma3     0000000180017280 f   libucrt:remainder_piby2_forfma3.obj
 0001:00016470       __remainder_piby2_fma3_bdl 0000000180017470 f   libucrt:remainder_piby2_forfma3.obj
 0001:000164e8       _cosf_special              00000001800174e8 f   libucrt:sincos_special.obj
 0001:00016588       _sinf_special              0000000180017588 f   libucrt:sincos_special.obj
 0001:0001659c       _clrfp                     000000018001759c f   libucrt:fpctrl.obj
 0001:000165bc       _ctrlfp                    00000001800175bc f   libucrt:fpctrl.obj
 0001:00016638       _set_statfp                0000000180017638 f   libucrt:fpctrl.obj
 0001:00016658       _statfp                    0000000180017658 f   libucrt:fpctrl.obj
 0001:00016670       __acrt_initialize_fma3     0000000180017670 f   libucrt:fma3_available.obj
 0001:000166e0       __remainder_piby2d2f_forC  00000001800176e0 f   libucrt:remainder_piby2f_forc.obj
 0001:0001686c       _free_base                 000000018001786c f   libucrt:free_base.obj
 0001:00016c20       __acrt_freeptd             0000000180017c20 f   libucrt:per_thread_data.obj
 0001:00016c64       __acrt_getptd              0000000180017c64 f   libucrt:per_thread_data.obj
 0001:00016d38       __acrt_getptd_head         0000000180017d38 f   libucrt:per_thread_data.obj
 0001:00016ddc       __acrt_getptd_noexit       0000000180017ddc f   libucrt:per_thread_data.obj
 0001:00016ea4       __acrt_getptd_noexit_explicit 0000000180017ea4 f   libucrt:per_thread_data.obj
 0001:00016f64       __acrt_initialize_ptd      0000000180017f64 f   libucrt:per_thread_data.obj
 0001:00016fa0       __acrt_uninitialize_ptd    0000000180017fa0 f   libucrt:per_thread_data.obj
 0001:00016fc4       __acrt_initialize_locks    0000000180017fc4 f   libucrt:locks.obj
 0001:0001700c       __acrt_lock                000000018001800c f   libucrt:locks.obj
 0001:00017028       __acrt_uninitialize_locks  0000000180018028 f   libucrt:locks.obj
 0001:00017060       __acrt_unlock              0000000180018060 f   libucrt:locks.obj
 0001:0001707c       __acrt_get_process_end_policy 000000018001807c f   libucrt:win_policies.obj
 0001:000170b8       ?get_raw_ptd_noexit@__crt_cached_ptd_host@@QEAAPEAU__acrt_ptd@@XZ 00000001800180b8 f i libucrt:invalid_parameter.obj
 0001:00017124       ?value@?$dual_state_global@P6AXPEB_W00I_K@Z@__crt_state_management@@QEAAAEAP6AXPEB_W00I_K@ZAEAV__crt_cached_ptd_host@@@Z 0000000180018124 f i libucrt:invalid_parameter.obj
 0001:00017170       __acrt_call_reportfault    0000000180018170 f   libucrt:invalid_parameter.obj
 0001:000172cc       __acrt_initialize_invalid_parameter_handler 00000001800182cc f   libucrt:invalid_parameter.obj
 0001:000172d4       _invalid_parameter         00000001800182d4 f   libucrt:invalid_parameter.obj
 0001:00017370       _invalid_parameter_internal 0000000180018370 f   libucrt:invalid_parameter.obj
 0001:00017440       _invalid_parameter_noinfo  0000000180018440 f   libucrt:invalid_parameter.obj
 0001:00017460       _invoke_watson             0000000180018460 f   libucrt:invalid_parameter.obj
 0001:000174a8       __acrt_errno_from_os_error 00000001800184a8 f   libucrt:errno.obj
 0001:000174f0       __acrt_errno_map_os_error  00000001800184f0 f   libucrt:errno.obj
 0001:00017538       __acrt_errno_map_os_error_ptd 0000000180018538 f   libucrt:errno.obj
 0001:0001755c       __doserrno                 000000018001855c f   libucrt:errno.obj
 0001:0001757c       _errno                     000000018001857c f   libucrt:errno.obj
 0001:0001759c       _calloc_base               000000018001859c f   libucrt:calloc_base.obj
 0001:00017628       ??$__acrt_convert_wcs_mbs_cp@D_WV<lambda_7c9dea7b4ca7285d2cdb541a38da6275>@@U__crt_win32_buffer_internal_dynamic_resizing@@@@YAHQEBDAEAV?$__crt_win32_buffer@_WU__crt_win32_buffer_internal_dynamic_resizing@@@@AEBV<lambda_7c9dea7b4ca7285d2cdb541a38da6275>@@I@Z 0000000180018628 f i libucrt:argv_wildcards.obj
 0001:000177a4       ??$__acrt_convert_wcs_mbs_cp@_WDV<lambda_d8593a27d1aa8c02be35c86a17d324c4>@@U__crt_win32_buffer_internal_dynamic_resizing@@@@YAHQEB_WAEAV?$__crt_win32_buffer@DU__crt_win32_buffer_internal_dynamic_resizing@@@@AEBV<lambda_d8593a27d1aa8c02be35c86a17d324c4>@@I@Z 00000001800187a4 f i libucrt:argv_wildcards.obj
 0001:0001804c       ??0_LocaleUpdate@@QEAA@QEAU__crt_locale_pointers@@@Z 000000018001904c f i libucrt:argv_wildcards.obj
 0001:000180e8       __acrt_expand_narrow_argv_wildcards 00000001800190e8 f   libucrt:argv_wildcards.obj
 0001:000180f0       ??$__acrt_convert_wcs_mbs_cp@_WDV<lambda_f788ae46380686e8b737efdd8c720d07>@@U__crt_win32_buffer_no_resizing@@@@YAHQEB_WAEAV?$__crt_win32_buffer@DU__crt_win32_buffer_no_resizing@@@@AEBV<lambda_f788ae46380686e8b737efdd8c720d07>@@I@Z 00000001800190f0 f i libucrt:getmodulefilenamea.obj
 0001:0001820c       __acrt_GetModuleFileNameA  000000018001920c f   libucrt:getmodulefilenamea.obj
 0001:00018b28       __acrt_initialize_multibyte 0000000180019b28 f   libucrt:mbctype.obj
 0001:00018b88       __acrt_update_thread_multibyte_data 0000000180019b88 f   libucrt:mbctype.obj
 0001:00018ba4       _setmbcp_nolock            0000000180019ba4 f   libucrt:mbctype.obj
 0001:00018ed8       _ismbblead                 0000000180019ed8 f   libucrt:ismbbyte.obj
 0001:00018eec       __acrt_initialize_command_line 0000000180019eec f   libucrt:argv_data.obj
 0001:00018f14       __acrt_MultiByteToWideChar 0000000180019f14 f   libucrt:multibytetowidechar.obj
 0001:00018f70       __acrt_WideCharToMultiByte 0000000180019f70 f   libucrt:widechartomultibyte.obj
 0001:00019020       __dcrt_get_narrow_environment_from_os 000000018001a020 f   libucrt:get_environment_from_os.obj
 0001:00019130       _recalloc_base             000000018001a130 f   libucrt:recalloc.obj
 0001:00019388       __acrt_AppPolicyGetProcessTerminationMethodInternal 000000018001a388 f   libucrt:winapi_thunks.obj
 0001:000193e0       __acrt_AreFileApisANSI     000000018001a3e0 f   libucrt:winapi_thunks.obj
 0001:00019424       __acrt_FlsAlloc            000000018001a424 f   libucrt:winapi_thunks.obj
 0001:0001942c       __acrt_FlsFree             000000018001a42c f   libucrt:winapi_thunks.obj
 0001:00019434       __acrt_FlsGetValue         000000018001a434 f   libucrt:winapi_thunks.obj
 0001:0001943c       __acrt_FlsSetValue         000000018001a43c f   libucrt:winapi_thunks.obj
 0001:00019444       __acrt_InitializeCriticalSectionEx 000000018001a444 f   libucrt:winapi_thunks.obj
 0001:000194b4       __acrt_LCMapStringEx       000000018001a4b4 f   libucrt:winapi_thunks.obj
 0001:000195a0       __acrt_LocaleNameToLCID    000000018001a5a0 f   libucrt:winapi_thunks.obj
 0001:00019600       __acrt_initialize_winapi_thunks 000000018001a600 f   libucrt:winapi_thunks.obj
 0001:00019624       __acrt_uninitialize_winapi_thunks 000000018001a624 f   libucrt:winapi_thunks.obj
 0001:00019668       __acrt_initialize_heap     000000018001a668 f   libucrt:heap_handle.obj
 0001:00019684       __acrt_uninitialize_heap   000000018001a684 f   libucrt:heap_handle.obj
 0001:00019888       __acrt_initialize_lowio    000000018001a888 f   libucrt:ioinit.obj
 0001:000198c4       __acrt_uninitialize_lowio  000000018001a8c4 f   libucrt:ioinit.obj
 0001:00019904       __acrt_execute_initializers 000000018001a904 f   libucrt:shared_initialization.obj
 0001:00019998       __acrt_execute_uninitializers 000000018001a998 f   libucrt:shared_initialization.obj
 0001:000199e0       __acrt_initialize_new_handler 000000018001a9e0 f   libucrt:new_handler.obj
 0001:000199e8       _callnewh                  000000018001a9e8 f   libucrt:new_handler.obj
 0001:00019a24       _query_new_handler         000000018001aa24 f   libucrt:new_handler.obj
 0001:00019aa0       __acrt_get_sigabrt_handler 000000018001aaa0 f   libucrt:signal.obj
 0001:00019ad0       __acrt_initialize_signal_handlers 000000018001aad0 f   libucrt:signal.obj
 0001:00019af0       raise                      000000018001aaf0 f   libucrt:signal.obj
 0001:00019d70       __acrt_has_user_matherr    000000018001ad70 f   libucrt:matherr.obj
 0001:00019d90       __acrt_initialize_user_matherr 000000018001ad90 f   libucrt:matherr.obj
 0001:00019d98       __acrt_invoke_user_matherr 000000018001ad98 f   libucrt:matherr.obj
 0001:00019fac       __acrt_stdio_flush_nolock  000000018001afac f   libucrt:fflush.obj
 0001:0001a038       _fflush_nolock             000000018001b038 f   libucrt:fflush.obj
 0001:0001a10c       _flushall                  000000018001b10c f   libucrt:fflush.obj
 0001:0001a114       __acrt_initialize_stdio    000000018001b114 f   libucrt:_file.obj
 0001:0001a234       __acrt_uninitialize_stdio  000000018001b234 f   libucrt:_file.obj
 0001:0001a290       _lock_file                 000000018001b290 f   libucrt:_file.obj
 0001:0001a29c       _unlock_file               000000018001b29c f   libucrt:_file.obj
 0001:0001a2a8       _malloc_base               000000018001b2a8 f   libucrt:malloc_base.obj
 0001:0001a308       strnlen                    000000018001b308 f   libucrt:strnlen.obj
 0001:0001a458       wcsnlen                    000000018001b458 f   libucrt:strnlen.obj
 0001:0001a630       __acrt_update_locale_info  000000018001b630 f   libucrt:locale_update.obj
 0001:0001a664       __acrt_update_locale_info_explicit 000000018001b664 f   libucrt:locale_update.obj
 0001:0001a69c       __acrt_update_multibyte_info 000000018001b69c f   libucrt:locale_update.obj
 0001:0001a6d0       __acrt_update_multibyte_info_explicit 000000018001b6d0 f   libucrt:locale_update.obj
 0001:0001b238       __acrt_fp_format           000000018001c238 f   libucrt:cvt.obj
 0001:0001b520       _wctomb_internal           000000018001c520 f   libucrt:wctomb.obj
 0001:0001b6d0       _mbtowc_internal           000000018001c6d0 f   libucrt:mbtowc.obj
 0001:0001b848       _fileno                    000000018001c848 f   libucrt:fileno.obj
 0001:0001b870       _get_printf_count_output   000000018001c870 f   libucrt:printf_count_output.obj
 0001:0001b8f8       __acrt_set_locale_changed  000000018001c8f8 f   libucrt:wsetlocale.obj
 0001:0001b904       __acrt_uninitialize_locale 000000018001c904 f   libucrt:wsetlocale.obj
 0001:0001b934       __pctype_func              000000018001c934 f   libucrt:ctype.obj
 0001:0001b964       _isctype_l                 000000018001c964 f   libucrt:isctype.obj
 0001:0001bb90       _handle_error              000000018001cb90 f   libucrt:libm_error.obj
 0001:0001bcb8       _handle_errorf             000000018001ccb8 f   libucrt:libm_error.obj
 0001:0001bdec       _handle_nan                000000018001cdec f   libucrt:libm_error.obj
 0001:0001be20       _get_fpsr                  000000018001ce20 f   libucrt:fpsr.obj
 0001:0001be30       _set_fpsr                  000000018001ce30 f   libucrt:fpsr.obj
 0001:0001be3a       _fclrf                     000000018001ce3a f   libucrt:fpsr.obj
 0001:0001be4e       _frnd                      000000018001ce4e f   libucrt:fpsr.obj
 0001:0001be70       __acrt_add_locale_ref      000000018001ce70 f   libucrt:locale_refcounting.obj
 0001:0001befc       __acrt_free_locale         000000018001cefc f   libucrt:locale_refcounting.obj
 0001:0001c074       __acrt_locale_add_lc_time_reference 000000018001d074 f   libucrt:locale_refcounting.obj
 0001:0001c09c       __acrt_locale_free_lc_time_if_unreferenced 000000018001d09c f   libucrt:locale_refcounting.obj
 0001:0001c0d4       __acrt_locale_release_lc_time_reference 000000018001d0d4 f   libucrt:locale_refcounting.obj
 0001:0001c0fc       __acrt_release_locale_ref  000000018001d0fc f   libucrt:locale_refcounting.obj
 0001:0001c1a4       __acrt_update_thread_locale_data 000000018001d1a4 f   libucrt:locale_refcounting.obj
 0001:0001c214       _updatetlocinfoEx_nolock   000000018001d214 f   libucrt:locale_refcounting.obj
 0001:0001c27c       _query_new_mode            000000018001d27c f   libucrt:new_mode.obj
 0001:0001c290       qsort                      000000018001d290 f   libucrt:qsort.obj
 0001:0001c6a0       strncpy_s                  000000018001d6a0 f   libucrt:strncpy_s.obj
 0001:0001c830       strpbrk                    000000018001d830 f   libucrt:strpbrk.obj
 0001:0001cbf8       _mbsdec                    000000018001dbf8 f   libucrt:mbsdec.obj
 0001:0001cc00       _mbsdec_l                  000000018001dc00 f   libucrt:mbsdec.obj
[...]
 0002:0000b4a0       $unwind$_call_matherr      000000018002f4a0     libucrt:libm_error.obj
 0002:0000b4a8       $unwind$_handle_error      000000018002f4a8     libucrt:libm_error.obj
 0002:0000b4a8       $unwind$_handle_errorf     000000018002f4a8     libucrt:libm_error.obj
 0002:0000b4c8       $xdatasym                  000000018002f4c8     libucrt:fpsr.obj
 0002:0000b4d0       $unwind$__acrt_update_thread_locale_data 000000018002f4d0     libucrt:locale_refcounting.obj
 0002:0000b4f4       $unwind$qsort              000000018002f4f4     libucrt:qsort.obj
 0002:0000b50c       $chain$4$qsort             000000018002f50c     libucrt:qsort.obj
 0002:0000b530       $chain$5$qsort             000000018002f530     libucrt:qsort.obj
 0002:0000b540       $unwind$strpbrk            000000018002f540     libucrt:strpbrk.obj
 0002:0000b550       $unwind$fallbackMethod     000000018002f550     libucrt:strpbrk.obj
 0002:0000b560       $unwind$__acrt_GetStringTypeA 000000018002f560     libucrt:getstringtypea.obj
 0002:0000b588       $unwind$__acrt_LCMapStringA 000000018002f588     libucrt:lcmapstringa.obj
 0002:0000b598       $unwind$?__acrt_LCMapStringA_stat@@YAHPEAU__crt_locale_pointers@@PEB_WKPEBDHPEADHHH@Z 000000018002f598     libucrt:lcmapstringa.obj
 0002:0000b5c0       $unwind$__acrt_lowio_destroy_handle_array 000000018002f5c0     libucrt:osfinfo.obj
 0002:0000b5d0       $unwind$__acrt_lowio_ensure_fh_exists 000000018002f5d0     libucrt:osfinfo.obj
 0002:0000b5fc       $unwind$_commit            000000018002f5fc     libucrt:commit.obj
 0002:0000b604       $unwind$??$?RV<lambda_a37b2b86f63e897a80ea819b0eb08c01>@@AEAV<lambda_38ce7e780aa69e748d6df282ebc68efe>@@V<lambda_99fb1378e971ab6e7edea83e3a7a83a2>@@@?$__crt_seh_guarded_call@H@@QEAAH$$QEAV<lambda_a37b2b86f63e897a80ea819b0eb08c01>@@AEAV<lambda_38ce7e780aa69e748d6df282ebc68efe>@@$$QEAV<lambda_99fb1378e971ab6e7edea83e3a7a83a2>@@@Z 000000018002f604     libucrt:commit.obj
 0002:0000b628       $unwind$_write_nolock      000000018002f628     libucrt:write.obj
 0002:0000b640       $unwind$_write_internal    000000018002f640     libucrt:write.obj
 0002:0000b670       $unwind$?write_double_translated_ansi_nolock@@YA?AUwrite_result@?A0x17268360@@HQEBDIAEAV__crt_cached_ptd_host@@@Z 000000018002f670     libucrt:write.obj
 0002:0000b698       $ip2state$?write_double_translated_ansi_nolock@@YA?AUwrite_result@?A0x17268360@@HQEBDIAEAV__crt_cached_ptd_host@@@Z 000000018002f698     libucrt:write.obj
 0002:0000b6a0       $unwind$?write_text_ansi_nolock@@YA?AUwrite_result@?A0x17268360@@HQEBDI@Z 000000018002f6a0     libucrt:write.obj
 0002:0000b6a0       $unwind$?write_text_utf16le_nolock@@YA?AUwrite_result@?A0x17268360@@HQEBDI@Z 000000018002f6a0     libucrt:write.obj
 0002:0000b6c0       $unwind$?write_text_utf8_nolock@@YA?AUwrite_result@?A0x17268360@@HQEBDI@Z 000000018002f6c0     libucrt:write.obj
 0002:0000b6e4       $unwind$_fcloseall         000000018002f6e4     libucrt:closeall.obj
 0002:0000b708       $unwind$__acrt_fp_strflt_to_string 000000018002f708     libucrt:_fptostr.obj
 0002:0000b724       $unwind$__acrt_fltout      000000018002f724     libucrt:cfout.obj
 0002:0000b744       $unwind$?divide@__crt_strtox@@YA_KAEAUbig_integer@1@AEBU21@@Z 000000018002f744     libucrt:cfout.obj
 0002:0000b75c       $chain$0$?divide@__crt_strtox@@YA_KAEAUbig_integer@1@AEBU21@@Z 000000018002f75c     libucrt:cfout.obj
 0002:0000b770       $chain$1$?divide@__crt_strtox@@YA_KAEAUbig_integer@1@AEBU21@@Z 000000018002f770     libucrt:cfout.obj
 0002:0000b780       $unwind$?__mbsrtowcs_utf8@__crt_mbstring@@YA_KPEA_WPEAPEBD_KPEAU_Mbstatet@@AEAV__crt_cached_ptd_host@@@Z 000000018002f780     libucrt:mbrtowc.obj
 0002:0000b798       $unwind$__acrt_locale_free_monetary 000000018002f798     libucrt:initmon.obj
 0002:0000b7a0       $unwind$__acrt_locale_free_time 000000018002f7a0     libucrt:inittime.obj
 0002:0000b7b0       $unwind$_raise_exc_ex      000000018002f7b0     libucrt:fpexcept.obj
 0002:0000b7c4       $unwind$_putwch_nolock     000000018002f7c4     libucrt:putwch.obj
 0002:0000b7cc       $unwind$?_fclose_nolock_internal@@YAHQEAU_iobuf@@AEAV__crt_cached_ptd_host@@@Z 000000018002f7cc     libucrt:fclose.obj
 0002:0000b7dc       $unwind$?_fclose_internal@@YAHQEAU_iobuf@@AEAV__crt_cached_ptd_host@@@Z 000000018002f7dc     libucrt:fclose.obj
 0002:0000b800       $xdatasym                  000000018002f800     libucrt:log10.obj
 0002:0000b80c       $unwind$__acrt_fenv_set_control 000000018002f80c     libucrt:_fenvutils.obj
 0002:0000b81c       $unwind$?__mbrtoc32_utf8@__crt_mbstring@@YA_KPEA_UPEBD_KPEAU_Mbstatet@@AEAV__crt_cached_ptd_host@@@Z 000000018002f81c     libucrt:mbrtoc32.obj
 0002:0000b838       $unwind$_close_internal    000000018002f838     libucrt:close.obj
 0002:0000b840       $unwind$??$?RV<lambda_ad8af0d99a0adf03d037d7dffe354bb5>@@AEAV<lambda_c9ba49e555ba839a7b07aa3fbecb7617>@@V<lambda_2f1ebd5d68526518146ae959c9e734c8>@@@?$__crt_seh_guarded_call@H@@QEAAH$$QEAV<lambda_ad8af0d99a0adf03d037d7dffe354bb5>@@AEAV<lambda_c9ba49e555ba839a7b07aa3fbecb7617>@@$$QEAV<lambda_2f1ebd5d68526518146ae959c9e734c8>@@@Z 000000018002f840     libucrt:close.obj
 0002:0000b864       $unwind$common_control87   000000018002f864     libucrt:ieee.obj
 0002:0000b890       $unwind$_log_special_common 000000018002f890     libucrt:log_special.obj
 0002:0000b89c       $unwind$_IsNonwritableInCurrentImage 000000018002f89c     LIBCMT:pesect.obj
 0002:0000b8c0       $unwind$__GSHandlerCheckCommon 000000018002f8c0     LIBCMT:gshandler.obj
 0002:0000b8c8       $xdatasym                  000000018002f8c8     LIBCMT:amdsecgs.obj
 0002:0000b8cc       $unwind$__report_securityfailure 000000018002f8cc     LIBCMT:gs_report.obj
 0002:0000b8d4       $unwind$__report_gsfailure 000000018002f8d4     LIBCMT:gs_report.obj
 0002:0000b8dc       $unwind$capture_current_context 000000018002f8dc     LIBCMT:gs_report.obj
 0002:0000b8e8       $unwind$capture_previous_context 000000018002f8e8     LIBCMT:gs_report.obj
 0002:0000b8f8       $xdatasym                  000000018002f8f8     LIBCMT:chkstk.obj
 0002:0000b900       $unwind$strrchr            000000018002f900     libvcruntime:strrchr.obj
 0002:0000b908       $xdatasym                  000000018002f908     libvcruntime:memcmp.obj
 0002:0000bea0       .edata                     000000018002fea0     PhysXCooking_64.exp
 0002:0000bec8       rgpv                       000000018002fec8     PhysXCooking_64.exp
 0002:0000bfe0       rgszName                   000000018002ffe0     PhysXCooking_64.exp
 0002:0000c0f8       rgwOrd                     00000001800300f8     PhysXCooking_64.exp
 0002:0000c184       szName                     0000000180030184     PhysXCooking_64.exp
 0002:0000c198       $N00001                    0000000180030198     PhysXCooking_64.exp
 0002:0000c1bc       $N00002                    00000001800301bc     PhysXCooking_64.exp
 0002:0000c1eb       $N00003                    00000001800301eb     PhysXCooking_64.exp
 0002:0000c212       $N00004                    0000000180030212     PhysXCooking_64.exp
 0002:0000c269       $N00005                    0000000180030269     PhysXCooking_64.exp
 0002:0000c294       $N00006                    0000000180030294     PhysXCooking_64.exp
 0002:0000c2ba       $N00007                    00000001800302ba     PhysXCooking_64.exp
 0002:0000c2d9       $N00008                    00000001800302d9     PhysXCooking_64.exp
 0002:0000c30f       $N00009                    000000018003030f     PhysXCooking_64.exp
 0002:0000c337       $N00010                    0000000180030337     PhysXCooking_64.exp
 0002:0000c35b       $N00011                    000000018003035b     PhysXCooking_64.exp
 0002:0000c382       $N00012                    0000000180030382     PhysXCooking_64.exp
 0002:0000c3ab       $N00013                    00000001800303ab     PhysXCooking_64.exp
 0002:0000c3ca       $N00014                    00000001800303ca     PhysXCooking_64.exp
 0002:0000c3fd       $N00015                    00000001800303fd     PhysXCooking_64.exp
 0002:0000c433       $N00016                    0000000180030433     PhysXCooking_64.exp
 0002:0000c46b       $N00017                    000000018003046b     PhysXCooking_64.exp
 0002:0000c49d       $N00018                    000000018003049d     PhysXCooking_64.exp
 0002:0000c4c9       $N00019                    00000001800304c9     PhysXCooking_64.exp
 0002:0000c503       $N00020                    0000000180030503     PhysXCooking_64.exp
 0002:0000c541       $N00021                    0000000180030541     PhysXCooking_64.exp
 0002:0000c57a       $N00022                    000000018003057a     PhysXCooking_64.exp
 0002:0000c5a2       $N00023                    00000001800305a2     PhysXCooking_64.exp
 0002:0000c5d8       $N00024                    00000001800305d8     PhysXCooking_64.exp
 0002:0000c5f4       $N00025                    00000001800305f4     PhysXCooking_64.exp
 0002:0000c61e       $N00026                    000000018003061e     PhysXCooking_64.exp
 0002:0000c65a       $N00027                    000000018003065a     PhysXCooking_64.exp
 0002:0000c695       $N00028                    0000000180030695     PhysXCooking_64.exp
 0002:0000c6d0       $N00029                    00000001800306d0     PhysXCooking_64.exp
 0002:0000c705       $N00030                    0000000180030705     PhysXCooking_64.exp
 0002:0000c741       $N00031                    0000000180030741     PhysXCooking_64.exp
 0002:0000c774       $N00032                    0000000180030774     PhysXCooking_64.exp
 0002:0000c7a7       $N00033                    00000001800307a7     PhysXCooking_64.exp
 0002:0000c7e1       $N00034                    00000001800307e1     PhysXCooking_64.exp
 0002:0000c81b       $N00035                    000000018003081b     PhysXCooking_64.exp
 0002:0000c848       $N00036                    0000000180030848     PhysXCooking_64.exp
 0002:0000c87b       $N00037                    000000018003087b     PhysXCooking_64.exp
 0002:0000c8c3       $N00038                    00000001800308c3     PhysXCooking_64.exp
 0002:0000c903       $N00039                    0000000180030903     PhysXCooking_64.exp
 0002:0000c931       $N00040                    0000000180030931     PhysXCooking_64.exp
 0002:0000c971       $N00041                    0000000180030971     PhysXCooking_64.exp
 0002:0000c9b2       $N00042                    00000001800309b2     PhysXCooking_64.exp
 0002:0000c9df       $N00043                    00000001800309df     PhysXCooking_64.exp
 0002:0000ca1b       $N00044                    0000000180030a1b     PhysXCooking_64.exp
 0002:0000ca58       $N00045                    0000000180030a58     PhysXCooking_64.exp
 0002:0000ca88       $N00046                    0000000180030a88     PhysXCooking_64.exp
 0002:0000ca9f       $N00047                    0000000180030a9f     PhysXCooking_64.exp
 0002:0000caba       $N00048                    0000000180030aba     PhysXCooking_64.exp
 0002:0000cad1       $N00049                    0000000180030ad1     PhysXCooking_64.exp
 0002:0000cae7       $N00050                    0000000180030ae7     PhysXCooking_64.exp
 0002:0000cafe       $N00051                    0000000180030afe     PhysXCooking_64.exp
 0002:0000cb16       $N00052                    0000000180030b16     PhysXCooking_64.exp
 0002:0000cb20       $N00053                    0000000180030b20     PhysXCooking_64.exp
 0002:0000cb31       $N00054                    0000000180030b31     PhysXCooking_64.exp
 0002:0000cb43       $N00055                    0000000180030b43     PhysXCooking_64.exp
 0002:0000cb56       $N00056                    0000000180030b56     PhysXCooking_64.exp
 0002:0000cb6c       $N00057                    0000000180030b6c     PhysXCooking_64.exp
 0002:0000cb7f       $N00058                    0000000180030b7f     PhysXCooking_64.exp
 0002:0000cb8b       $N00059                    0000000180030b8b     PhysXCooking_64.exp
 0002:0000cb9f       $N00060                    0000000180030b9f     PhysXCooking_64.exp
 0002:0000cbb2       $N00061                    0000000180030bb2     PhysXCooking_64.exp
 0002:0000cbc2       $N00062                    0000000180030bc2     PhysXCooking_64.exp
 0002:0000cbd6       $N00063                    0000000180030bd6     PhysXCooking_64.exp
 0002:0000cbeb       $N00064                    0000000180030beb     PhysXCooking_64.exp
 0002:0000cc03       $N00065                    0000000180030c03     PhysXCooking_64.exp
 0002:0000cc18       $N00066                    0000000180030c18     PhysXCooking_64.exp
 0002:0000cc35       $N00067                    0000000180030c35     PhysXCooking_64.exp
 0002:0000cc56       $N00068                    0000000180030c56     PhysXCooking_64.exp
 0002:0000cc75       $N00069                    0000000180030c75     PhysXCooking_64.exp
 0002:0000cc8a       $N00070                    0000000180030c8a     PhysXCooking_64.exp
 0002:0000cf60       .idata$6                   0000000180030f60     kernel32:KERNEL32.dll
 0003:00000050       ?prefix@?1??getDimension@UnDecorator@@CA?AVDName@@_N@Z@4UStringLiteral@@A 0000000180032050     libvcruntime:undname.obj
 0003:00000060       ?__vcrt_flsindex@@3KA      0000000180032060     libvcruntime:per_thread_data.obj
 0003:00000080       ?dazSupported@?1??_ctrlfp@@9@9 0000000180032080     libucrt:fpctrl.obj
 0003:00000090       ?__acrt_flsindex@@3KA      0000000180032090     libucrt:per_thread_data.obj
 0003:00000094       ?errno_no_memory@@3HA      0000000180032094     libucrt:errno.obj
 0003:00000098       ?doserrno_no_memory@@3KA   0000000180032098     libucrt:errno.obj
 0003:000002d0       _mbctypes                  00000001800322d0     libucrt:mbctype.obj
 0003:000003e0       _mbcasemaps                00000001800323e0     libucrt:mbctype.obj
 0003:000004e0       ?__rgctypeflag@@3PADA      00000001800324e0     libucrt:mbctype.obj
 0003:000004f0       ?__rgcode_page_info@@3PAUcode_page_info@@A 00000001800324f0     libucrt:mbctype.obj
 0003:00000a10       ?__dcrt_lowio_console_output_handle@@3PEAXEA 0000000180032a10     libucrt:initcon.obj
 0003:00000a18       ?dazSupported@?1??common_control87@@9@9 0000000180032a18     libucrt:ieee.obj
 0003:00000d10       ?maxV3Error@vecMathTests@aos@physx@@3T__m128@@B 0000000180032d10     Cooking.obj
 0003:00000d20       ?minFError@vecMathTests@aos@physx@@3T__m128@@B 0000000180032d20     Cooking.obj
 0003:00000d30       ?maxV4Error@vecMathTests@aos@physx@@3T__m128@@B 0000000180032d30     Cooking.obj
 0003:00000d40       ?minV4Error@vecMathTests@aos@physx@@3T__m128@@B 0000000180032d40     Cooking.obj
 0003:00000d50       ?minV3Error@vecMathTests@aos@physx@@3T__m128@@B 0000000180032d50     Cooking.obj
 0003:00000d60       ?maxFError@vecMathTests@aos@physx@@3T__m128@@B 0000000180032d60     Cooking.obj
 0003:00000d70       ?gCookingDelayLoadHook@@3PEBVPxDelayLoadHook@physx@@EB 0000000180032d70     WindowsCookingDelayLoadHook.obj
 0003:00000dd0       ?__proc_attached@@3HA      0000000180032dd0     LIBCMT:dll_dllmain.obj
 0003:00000df8       ?is_initialized_as_dll@@3_NA 0000000180032df8     LIBCMT:utility.obj
 0003:00000df9       ?module_local_atexit_table_initialized@@3_NA 0000000180032df9     LIBCMT:utility.obj
 0003:00000e00       ?module_local_atexit_table@@3U_onexit_table_t@@A 0000000180032e00     LIBCMT:utility.obj
 0003:00000e18       ?module_local_at_quick_exit_table@@3U_onexit_table_t@@A 0000000180032e18     LIBCMT:utility.obj
 0003:00000e88       ?heap@@3V_HeapManager@@A   0000000180032e88     libvcruntime:undname.obj
 0003:00000eb0       ?__vcrt_startup_thread_ptd@@3U__vcrt_ptd@@A 0000000180032eb0     libvcruntime:per_thread_data.obj
 0003:00000f30       __vcrt_lock_table          0000000180032f30     libvcruntime:locks.obj
 0003:00000f58       __vcrt_locks_initialized   0000000180032f58     libvcruntime:locks.obj
 0003:00000f60       ?module_handles@@3PAPEAUHINSTANCE__@@A 0000000180032f60     libvcruntime:winapi_downlevel.obj
 0003:00000f78       ?function_pointers@@3PAPEAXA 0000000180032f78     libvcruntime:winapi_downlevel.obj
 0003:00000fa0       ?c_termination_complete@@3JA 0000000180032fa0     libucrt:exit.obj
 0003:00000fa8       ?thread_local_exit_callback_func@@3P6AXPEAXK0@ZEA 0000000180032fa8     libucrt:exit.obj
 0003:00000fc0       ?program_name@?1???$common_configure_argv@D@@YAHW4_crt_argv_mode@@@Z@4PADA 0000000180032fc0     libucrt:argv_parsing.obj
 0003:00001120       ?__acrt_lock_table@@3PAU_RTL_CRITICAL_SECTION@@A 0000000180033120     libucrt:locks.obj
 0003:00001350       ?__acrt_locks_initialized@@3IA 0000000180033350     libucrt:locks.obj
 0003:00001358       ?__acrt_invalid_parameter_handler@@3V?$dual_state_global@P6AXPEB_W00I_K@Z@__crt_state_management@@A 0000000180033358     libucrt:invalid_parameter.obj
 0003:00001378       ?fSystemSet@@3HA           0000000180033378     libucrt:mbctype.obj
 0003:0000137c       ?initialized@?1??__acrt_initialize_multibyte@@9@4_NA 000000018003337c     libucrt:mbctype.obj
 0003:000013b0       ?module_handles@@3PAPEAUHINSTANCE__@@A 00000001800333b0     libucrt:winapi_thunks.obj
 0003:00001450       ?encoded_function_pointers@@3PAPEAXA 0000000180033450     libucrt:winapi_thunks.obj
 0003:00001958       ?__acrt_new_handler@@3V?$dual_state_global@P6AH_K@Z@__crt_state_management@@A 0000000180033958     libucrt:new_handler.obj
 0003:00001960       ?ctrlc_action@@3V?$dual_state_global@P6AXH@Z@__crt_state_management@@A 0000000180033960     libucrt:signal.obj
 0003:00001968       ?ctrlbreak_action@@3V?$dual_state_global@P6AXH@Z@__crt_state_management@@A 0000000180033968     libucrt:signal.obj
 0003:00001970       ?abort_action@@3V?$dual_state_global@P6AXH@Z@__crt_state_management@@A 0000000180033970     libucrt:signal.obj
 0003:00001978       ?term_action@@3V?$dual_state_global@P6AXH@Z@__crt_state_management@@A 0000000180033978     libucrt:signal.obj
 0003:00001980       ?user_matherr@@3V?$dual_state_global@P6AHPEAU_exception@@@Z@__crt_state_management@@A 0000000180033980     libucrt:matherr.obj
 0003:000019b0       ?internal_state@?1??_mbtowc_internal@@9@4U_Mbstatet@@A 00000001800339b0     libucrt:mbtowc.obj
 0003:000019b8       ?enable_percent_n@@3_KA    00000001800339b8     libucrt:printf_count_output.obj
 0003:000019c4       ?__acrt_global_new_mode@@3V?$dual_state_global@J@__crt_state_management@@A 00000001800339c4     libucrt:new_mode.obj
 0003:000019d0       ?__acrt_app_type@@3W4_crt_app_type@@A 00000001800339d0     libucrt:report_runtime_error.obj
 0003:000019d8       ?internal_pst@?1??__mbrtoc32_utf8@__crt_mbstring@@YA_KPEA_UPEBD_KPEAU_Mbstatet@@AEAV__crt_cached_ptd_host@@@Z@4U3@A 00000001800339d8     libucrt:mbrtoc32.obj
 0003:000019e0       GS_ExceptionRecord         00000001800339e0     LIBCMT:gs_report.obj
 0003:00001a80       GS_ContextRecord           0000000180033a80     LIBCMT:gs_report.obj
 0005:00000000       _2il0floatpacket$19        0000000180036000     LIBCMT:svml_ssinf4_sse2.obj
 0005:00002200       _vmlsSinHATab              0000000180038200     LIBCMT:svml_s_sin_cout.obj
 0005:00002210       SetSmall                   0000000180038210     libvcruntime:memset.obj
 0005:00002250       SetSmallYmm                0000000180038250     libvcruntime:memset.obj
 0005:00002274       SetSmallYmmNT              0000000180038274     libvcruntime:memset.obj
 0005:00002298       SetSmallXmm                0000000180038298     libvcruntime:memset.obj
 0005:000022c0       MoveSmall                  00000001800382c0     libvcruntime:memcpy.obj
 0005:00002300       MoveSmallYmm               0000000180038300     libvcruntime:memcpy.obj
 0005:00002324       MoveSmallYmmNT             0000000180038324     libvcruntime:memcpy.obj
 0005:00002348       MoveSmallXmm               0000000180038348     libvcruntime:memcpy.obj
 0006:000000a0       $R000000                   00000001800390a0     PhysXCooking.res
 0006:000003d0       $R000330                   00000001800393d0     PhysXCooking.res
